******************************************************************************
                  MSP430 Linker PC v4.2.1                      
******************************************************************************
>> Linked Wed May 01 16:06:10 2019

OUTPUT FILE NAME:   <C01_W5500_UART_MSP430_CCSV5_5.out>
ENTRY POINT SYMBOL: "_c_int00"  address: 00001c30


MEMORY CONFIGURATION

         name            origin    length      used     unused   attr    fill
----------------------  --------  ---------  --------  --------  ----  --------
  SFR                   00000000   00000010  00000000  00000010  RWIX
  PERIPHERALS_8BIT      00000010   000000f0  00000000  000000f0  RWIX
  PERIPHERALS_16BIT     00000100   00000100  00000000  00000100  RWIX
  RAM                   00000200   00000800  00000167  00000699  RWIX
  INFOB                 00001000   00000080  00000000  00000080  RWIX
  INFOA                 00001080   00000080  00000000  00000080  RWIX
  FLASH                 00001100   0000eee0  00000c40  0000e2a0  RWIX
  INT00                 0000ffe0   00000002  00000000  00000002  RWIX
  INT01                 0000ffe2   00000002  00000002  00000000  RWIX
  INT02                 0000ffe4   00000002  00000002  00000000  RWIX
  INT03                 0000ffe6   00000002  00000002  00000000  RWIX
  INT04                 0000ffe8   00000002  00000002  00000000  RWIX
  INT05                 0000ffea   00000002  00000002  00000000  RWIX
  INT06                 0000ffec   00000002  00000002  00000000  RWIX
  INT07                 0000ffee   00000002  00000002  00000000  RWIX
  INT08                 0000fff0   00000002  00000002  00000000  RWIX
  INT09                 0000fff2   00000002  00000002  00000000  RWIX
  INT10                 0000fff4   00000002  00000002  00000000  RWIX
  INT11                 0000fff6   00000002  00000002  00000000  RWIX
  INT12                 0000fff8   00000002  00000002  00000000  RWIX
  INT13                 0000fffa   00000002  00000002  00000000  RWIX
  INT14                 0000fffc   00000002  00000002  00000000  RWIX
  RESET                 0000fffe   00000002  00000002  00000000  RWIX


SECTION ALLOCATION MAP

 output                                  attributes/
section   page    origin      length       input sections
--------  ----  ----------  ----------   ----------------
.init_array 
*          0    00001100    00000000     UNINITIALIZED

.bss       0    00000200    00000111     UNINITIALIZED
                  00000200    00000050     (.common:Rx_Buffer)
                  00000250    00000050     (.common:Tx_Buffer)
                  000002a0    00000050     (.common:rx_buffer)
                  000002f0    00000006     (.common:Phy_Addr)
                  000002f6    00000004     (.common:Gateway_IP)
                  000002fa    00000004     (.common:IP_Addr)
                  000002fe    00000004     (.common:S0_DIP)
                  00000302    00000004     (.common:Sub_Mask)
                  00000306    00000004     (.common:UDP_DIPR)
                  0000030a    00000002     (.common:S0_DPort)
                  0000030c    00000002     (.common:S0_Port)
                  0000030e    00000002     (.common:UDP_DPORT)
                  00000310    00000001     (.common:S0_Data)

.TI.noinit 
*          0    00000200    00000000     UNINITIALIZED

.data      0    00000312    00000006     UNINITIALIZED
                  00000312    00000004     rs232.obj (.data)
                  00000316    00000002     W5500.obj (.data)

.TI.persistent 
*          0    00000312    00000000     UNINITIALIZED

.stack     0    000009b0    00000050     UNINITIALIZED
                  000009b0    00000002     rts430_eabi.lib : boot.obj (.stack)
                  000009b2    0000004e     --HOLE--

.text      0    00001100    00000c0a     
                  00001100    000000f2     W5500.obj (.text:Write_SOCK_Data_Buffer)
                  000011f2    000000ee     W5500.obj (.text:Read_SOCK_Data_Buffer)
                  000012e0    000000c8     W5500.obj (.text:Detect_Gateway)
                  000013a8    0000008e     main.obj (.text:Load_Net_Parameters)
                  00001436    0000008a     W5500.obj (.text:W5500_Init)
                  000014c0    00000088     main.obj (.text:main)
                  00001548    0000007a     W5500.obj (.text:W5500_Interrupt_Process)
                  000015c2    00000076     W5500.obj (.text:Socket_Listen)
                  00001638    0000005e     rts430_eabi.lib : copy_decompress_rle.obj (.text:__TI_decompress_rle_core)
                  00001696    0000005e                     : autoinit.obj (.text:_auto_init)
                  000016f4    00000056     W5500.obj (.text:Socket_Init)
                  0000174a    00000056     main.obj (.text:W5500_Socket_Set)
                  000017a0    00000054     main.obj (.text:UART0_RXISR)
                  000017f4    0000004e     W5500.obj (.text:Socket_Connect)
                  00001842    00000048     W5500.obj (.text:SPI_Send_Byte)
                  0000188a    00000046     W5500.obj (.text:Write_W5500_SOCK_4Byte)
                  000018d0    00000044     W5500.obj (.text:Socket_UDP)
                  00001914    0000003c     W5500.obj (.text:Read_W5500_SOCK_2Byte)
                  00001950    00000036     W5500.obj (.text:Write_W5500_nByte)
                  00001986    00000036     W5500.obj (.text:io_low)
                  000019bc    00000036     W5500.obj (.text:io_set)
                  000019f2    00000034     W5500.obj (.text:SPI_Read_Byte)
                  00001a26    00000034     W5500.obj (.text:Write_W5500_SOCK_1Byte)
                  00001a5a    00000034     W5500.obj (.text:Write_W5500_SOCK_2Byte)
                  00001a8e    00000030     W5500.obj (.text:Read_W5500_SOCK_1Byte)
                  00001abe    0000002e     main.obj (.text:Process_Socket_Data)
                  00001aec    0000002e     rs232.obj (.text:uart_0_init)
                  00001b1a    0000002c     rts430_eabi.lib : lsl16.obj (.text)
                  00001b46    0000002a     W5500.obj (.text:W5500_Hardware_Reset)
                  00001b70    0000002a     W5500.obj (.text:Write_W5500_1Byte)
                  00001b9a    0000002a     W5500.obj (.text:Write_W5500_2Byte)
                  00001bc4    0000002a     spi.obj (.text:spi_gpio_init)
                  00001bee    00000024     W5500.obj (.text:Read_W5500_1Byte)
                  00001c12    0000001e     main.obj (.text:Delay)
                  00001c30    0000001a     rts430_eabi.lib : boot.obj (.text:_c_int00_noexit)
                  00001c4a    00000016     rs232.obj (.text:uart_0_send_str)
                  00001c60    00000014     W5500.obj (.text:SPI_Send_Short)
                  00001c74    00000014     rts430_eabi.lib : copy_zero_init.obj (.text:decompress:ZI:__TI_zero_init)
                  00001c88    00000014     W5500.obj (.text:io_read)
                  00001c9c    00000014     rs232.obj (.text:uart_gpio_init)
                  00001cb0    00000012     rts430_eabi.lib : copy_decompress_none.obj (.text:decompress:none:__TI_decompress_none)
                  00001cc2    00000012                     : memcpy.obj (.text:memcpy)
                  00001cd4    00000010     main.obj (.text:W5500_Initialization)
                  00001ce4    00000010     rts430_eabi.lib : epilog.obj (.text)
                  00001cf4    00000006                     : isr_trap.obj (.text:__TI_ISR_TRAP)
                  00001cfa    00000006                     : copy_decompress_rle.obj (.text:decompress:rle24:__TI_decompress_rle24)
                  00001d00    00000004                     : pre_init.obj (.text:_system_pre_init)
                  00001d04    00000004                     : exit.obj (.text:abort)
                  00001d08    00000002     spi.obj (.text:spi_init)

.const     0    00001d0a    0000001a     
                  00001d0a    0000001a     main.obj (.const:.string)

.cinit     0    00001d24    0000001c     
                  00001d24    0000000a     (.cinit..data.load) [load image]
                  00001d2e    00000006     (__TI_handler_table)
                  00001d34    00000004     (.cinit..bss.load) [load image, compression = zero_init]
                  00001d38    00000008     (__TI_cinit_table)

PORT2      0    0000ffe2    00000002     
                  0000ffe2    00000002     rts430_eabi.lib : int01.obj (.int01)

USART1TX   0    0000ffe4    00000002     
                  0000ffe4    00000002     rts430_eabi.lib : int02.obj (.int02)

USART1RX   0    0000ffe6    00000002     
                  0000ffe6    00000002     rts430_eabi.lib : int03.obj (.int03)

PORT1      0    0000ffe8    00000002     
                  0000ffe8    00000002     rts430_eabi.lib : int04.obj (.int04)

TIMERA1    0    0000ffea    00000002     
                  0000ffea    00000002     rts430_eabi.lib : int05.obj (.int05)

TIMERA0    0    0000ffec    00000002     
                  0000ffec    00000002     rts430_eabi.lib : int06.obj (.int06)

ADC12      0    0000ffee    00000002     
                  0000ffee    00000002     rts430_eabi.lib : int07.obj (.int07)

USART0TX   0    0000fff0    00000002     
                  0000fff0    00000002     rts430_eabi.lib : int08.obj (.int08)

USART0RX   0    0000fff2    00000002     
                  0000fff2    00000002     main.obj (.int09)

WDT        0    0000fff4    00000002     
                  0000fff4    00000002     rts430_eabi.lib : int10.obj (.int10)

COMPARATORA 
*          0    0000fff6    00000002     
                  0000fff6    00000002     rts430_eabi.lib : int11.obj (.int11)

TIMERB1    0    0000fff8    00000002     
                  0000fff8    00000002     rts430_eabi.lib : int12.obj (.int12)

TIMERB0    0    0000fffa    00000002     
                  0000fffa    00000002     rts430_eabi.lib : int13.obj (.int13)

NMI        0    0000fffc    00000002     
                  0000fffc    00000002     rts430_eabi.lib : int14.obj (.int14)

.reset     0    0000fffe    00000002     
                  0000fffe    00000002     rts430_eabi.lib : boot.obj (.reset)


LINKER GENERATED COPY TABLES

__TI_cinit_table @ 00001d38 records: 2, size/record: 4, table size: 8
	.data: load addr=00001d24, load size=0000000a bytes, run addr=00000312, run size=00000006 bytes, compression=copy
	.bss: load addr=00001d34, load size=00000004 bytes, run addr=00000200, run size=00000111 bytes, compression=zero_init


LINKER GENERATED HANDLER TABLE

__TI_handler_table @ 00001d2e records: 3, size/record: 2, table size: 6
	index: 0, handler: __TI_zero_init
	index: 1, handler: __TI_decompress_rle24
	index: 2, handler: __TI_decompress_none


GLOBAL SYMBOLS: SORTED ALPHABETICALLY BY Name 

address    name
--------   ----
000001a0   ADC12CTL0
000001a2   ADC12CTL1
000001a6   ADC12IE
000001a4   ADC12IFG
000001a8   ADC12IV
00000080   ADC12MCTL0
00000081   ADC12MCTL1
0000008a   ADC12MCTL10
0000008b   ADC12MCTL11
0000008c   ADC12MCTL12
0000008d   ADC12MCTL13
0000008e   ADC12MCTL14
0000008f   ADC12MCTL15
00000082   ADC12MCTL2
00000083   ADC12MCTL3
00000084   ADC12MCTL4
00000085   ADC12MCTL5
00000086   ADC12MCTL6
00000087   ADC12MCTL7
00000088   ADC12MCTL8
00000089   ADC12MCTL9
00000140   ADC12MEM0
00000142   ADC12MEM1
00000154   ADC12MEM10
00000156   ADC12MEM11
00000158   ADC12MEM12
0000015a   ADC12MEM13
0000015c   ADC12MEM14
0000015e   ADC12MEM15
00000144   ADC12MEM2
00000146   ADC12MEM3
00000148   ADC12MEM4
0000014a   ADC12MEM5
0000014c   ADC12MEM6
0000014e   ADC12MEM7
00000150   ADC12MEM8
00000152   ADC12MEM9
00000057   BCSCTL1
00000058   BCSCTL2
00001d04   C$$EXIT
00000059   CACTL1
0000005a   CACTL2
0000005b   CAPD
00000056   DCOCTL
00001c12   Delay
000012e0   Detect_Gateway
00000128   FCTL1
0000012a   FCTL2
0000012c   FCTL3
000002f6   Gateway_IP
00000000   IE1
00000001   IE2
00000002   IFG1
00000003   IFG2
000002fa   IP_Addr
000013a8   Load_Net_Parameters
00000134   MAC
00000136   MACS
00000004   ME1
00000005   ME2
00000130   MPY
00000132   MPYS
00000138   OP2
00000022   P1DIR
00000025   P1IE
00000024   P1IES
00000023   P1IFG
00000020   P1IN
00000021   P1OUT
00000026   P1SEL
0000002a   P2DIR
0000002d   P2IE
0000002c   P2IES
0000002b   P2IFG
00000028   P2IN
00000029   P2OUT
0000002e   P2SEL
0000001a   P3DIR
00000018   P3IN
00000019   P3OUT
0000001b   P3SEL
0000001e   P4DIR
0000001c   P4IN
0000001d   P4OUT
0000001f   P4SEL
00000032   P5DIR
00000030   P5IN
00000031   P5OUT
00000033   P5SEL
00000036   P6DIR
00000034   P6IN
00000035   P6OUT
00000037   P6SEL
000002f0   Phy_Addr
00001abe   Process_Socket_Data
0000013c   RESHI
0000013a   RESLO
000011f2   Read_SOCK_Data_Buffer
00001bee   Read_W5500_1Byte
00001a8e   Read_W5500_SOCK_1Byte
00001914   Read_W5500_SOCK_2Byte
00000200   Rx_Buffer
000002fe   S0_DIP
0000030a   S0_DPort
00000310   S0_Data
00000316   S0_Mode
0000030c   S0_Port
00000317   S0_State
000019f2   SPI_Read_Byte
00001842   SPI_Send_Byte
00001c60   SPI_Send_Short
0000013e   SUMEXT
000017f4   Socket_Connect
000016f4   Socket_Init
000015c2   Socket_Listen
000018d0   Socket_UDP
00000302   Sub_Mask
00000172   TACCR0
00000174   TACCR1
00000176   TACCR2
00000162   TACCTL0
00000164   TACCTL1
00000166   TACCTL2
00000160   TACTL
0000012e   TAIV
00000170   TAR
00000192   TBCCR0
00000194   TBCCR1
00000196   TBCCR2
00000198   TBCCR3
0000019a   TBCCR4
0000019c   TBCCR5
0000019e   TBCCR6
00000182   TBCCTL0
00000184   TBCCTL1
00000186   TBCCTL2
00000188   TBCCTL3
0000018a   TBCCTL4
0000018c   TBCCTL5
0000018e   TBCCTL6
00000180   TBCTL
0000011e   TBIV
00000190   TBR
00000250   Tx_Buffer
00000074   U0BR0
00000075   U0BR1
00000070   U0CTL
00000073   U0MCTL
00000072   U0RCTL
00000076   U0RXBUF
00000071   U0TCTL
00000077   U0TXBUF
0000007c   U1BR0
0000007d   U1BR1
00000078   U1CTL
0000007b   U1MCTL
0000007a   U1RCTL
0000007e   U1RXBUF
00000079   U1TCTL
0000007f   U1TXBUF
000017a0   UART0_RXISR
00000306   UDP_DIPR
0000030e   UDP_DPORT
00001b46   W5500_Hardware_Reset
00001436   W5500_Init
00001cd4   W5500_Initialization
00001548   W5500_Interrupt_Process
0000174a   W5500_Socket_Set
00000120   WDTCTL
00001100   Write_SOCK_Data_Buffer
00001b70   Write_W5500_1Byte
00001b9a   Write_W5500_2Byte
00001a26   Write_W5500_SOCK_1Byte
00001a5a   Write_W5500_SOCK_2Byte
0000188a   Write_W5500_SOCK_4Byte
00001950   Write_W5500_nByte
00000a00   __STACK_END
00000050   __STACK_SIZE
00001d38   __TI_CINIT_Base
00001d40   __TI_CINIT_Limit
00001d2e   __TI_Handler_Table_Base
00001d34   __TI_Handler_Table_Limit
UNDEFED    __TI_INITARRAY_Base
UNDEFED    __TI_INITARRAY_Limit
00001cf4   __TI_ISR_TRAP
00000001   __TI_args_main
00001cb0   __TI_decompress_none
00001cfa   __TI_decompress_rle24
00000001   __TI_exit
0000ffe2   __TI_int01
0000ffe4   __TI_int02
0000ffe6   __TI_int03
0000ffe8   __TI_int04
0000ffea   __TI_int05
0000ffec   __TI_int06
0000ffee   __TI_int07
0000fff0   __TI_int08
0000fff2   __TI_int09
0000fff4   __TI_int10
0000fff6   __TI_int11
0000fff8   __TI_int12
0000fffa   __TI_int13
0000fffc   __TI_int14
00001c74   __TI_zero_init
ffffffff   __binit__
ffffffff   __c_args__
00001cf0   __mspabi_func_epilog_1
00001cee   __mspabi_func_epilog_2
00001cec   __mspabi_func_epilog_3
00001cea   __mspabi_func_epilog_4
00001ce8   __mspabi_func_epilog_5
00001ce6   __mspabi_func_epilog_6
00001ce4   __mspabi_func_epilog_7
00001b1a   __mspabi_slli
00001b42   __mspabi_slli_1
00001b30   __mspabi_slli_10
00001b2e   __mspabi_slli_11
00001b2c   __mspabi_slli_12
00001b2a   __mspabi_slli_13
00001b28   __mspabi_slli_14
00001b26   __mspabi_slli_15
00001b40   __mspabi_slli_2
00001b3e   __mspabi_slli_3
00001b3c   __mspabi_slli_4
00001b3a   __mspabi_slli_5
00001b38   __mspabi_slli_6
00001b36   __mspabi_slli_7
00001b34   __mspabi_slli_8
00001b32   __mspabi_slli_9
00001696   _auto_init
00001c30   _c_int00
00001c30   _c_int00_noexit
0000fffe   _reset_vector
000009b0   _stack
00001d00   _system_pre_init
00001d04   abort
ffffffff   binit
00001986   io_low
00001c88   io_read
000019bc   io_set
000014c0   main
00001cc2   memcpy
000002a0   rx_buffer
00000312   rx_count
00001bc4   spi_gpio_init
00001d08   spi_init
00001aec   uart_0_init
00001c4a   uart_0_send_str
00001c9c   uart_gpio_init


GLOBAL SYMBOLS: SORTED BY Symbol Address 

address    name
--------   ----
00000000   IE1
00000001   IE2
00000001   __TI_args_main
00000001   __TI_exit
00000002   IFG1
00000003   IFG2
00000004   ME1
00000005   ME2
00000018   P3IN
00000019   P3OUT
0000001a   P3DIR
0000001b   P3SEL
0000001c   P4IN
0000001d   P4OUT
0000001e   P4DIR
0000001f   P4SEL
00000020   P1IN
00000021   P1OUT
00000022   P1DIR
00000023   P1IFG
00000024   P1IES
00000025   P1IE
00000026   P1SEL
00000028   P2IN
00000029   P2OUT
0000002a   P2DIR
0000002b   P2IFG
0000002c   P2IES
0000002d   P2IE
0000002e   P2SEL
00000030   P5IN
00000031   P5OUT
00000032   P5DIR
00000033   P5SEL
00000034   P6IN
00000035   P6OUT
00000036   P6DIR
00000037   P6SEL
00000050   __STACK_SIZE
00000056   DCOCTL
00000057   BCSCTL1
00000058   BCSCTL2
00000059   CACTL1
0000005a   CACTL2
0000005b   CAPD
00000070   U0CTL
00000071   U0TCTL
00000072   U0RCTL
00000073   U0MCTL
00000074   U0BR0
00000075   U0BR1
00000076   U0RXBUF
00000077   U0TXBUF
00000078   U1CTL
00000079   U1TCTL
0000007a   U1RCTL
0000007b   U1MCTL
0000007c   U1BR0
0000007d   U1BR1
0000007e   U1RXBUF
0000007f   U1TXBUF
00000080   ADC12MCTL0
00000081   ADC12MCTL1
00000082   ADC12MCTL2
00000083   ADC12MCTL3
00000084   ADC12MCTL4
00000085   ADC12MCTL5
00000086   ADC12MCTL6
00000087   ADC12MCTL7
00000088   ADC12MCTL8
00000089   ADC12MCTL9
0000008a   ADC12MCTL10
0000008b   ADC12MCTL11
0000008c   ADC12MCTL12
0000008d   ADC12MCTL13
0000008e   ADC12MCTL14
0000008f   ADC12MCTL15
0000011e   TBIV
00000120   WDTCTL
00000128   FCTL1
0000012a   FCTL2
0000012c   FCTL3
0000012e   TAIV
00000130   MPY
00000132   MPYS
00000134   MAC
00000136   MACS
00000138   OP2
0000013a   RESLO
0000013c   RESHI
0000013e   SUMEXT
00000140   ADC12MEM0
00000142   ADC12MEM1
00000144   ADC12MEM2
00000146   ADC12MEM3
00000148   ADC12MEM4
0000014a   ADC12MEM5
0000014c   ADC12MEM6
0000014e   ADC12MEM7
00000150   ADC12MEM8
00000152   ADC12MEM9
00000154   ADC12MEM10
00000156   ADC12MEM11
00000158   ADC12MEM12
0000015a   ADC12MEM13
0000015c   ADC12MEM14
0000015e   ADC12MEM15
00000160   TACTL
00000162   TACCTL0
00000164   TACCTL1
00000166   TACCTL2
00000170   TAR
00000172   TACCR0
00000174   TACCR1
00000176   TACCR2
00000180   TBCTL
00000182   TBCCTL0
00000184   TBCCTL1
00000186   TBCCTL2
00000188   TBCCTL3
0000018a   TBCCTL4
0000018c   TBCCTL5
0000018e   TBCCTL6
00000190   TBR
00000192   TBCCR0
00000194   TBCCR1
00000196   TBCCR2
00000198   TBCCR3
0000019a   TBCCR4
0000019c   TBCCR5
0000019e   TBCCR6
000001a0   ADC12CTL0
000001a2   ADC12CTL1
000001a4   ADC12IFG
000001a6   ADC12IE
000001a8   ADC12IV
00000200   Rx_Buffer
00000250   Tx_Buffer
000002a0   rx_buffer
000002f0   Phy_Addr
000002f6   Gateway_IP
000002fa   IP_Addr
000002fe   S0_DIP
00000302   Sub_Mask
00000306   UDP_DIPR
0000030a   S0_DPort
0000030c   S0_Port
0000030e   UDP_DPORT
00000310   S0_Data
00000312   rx_count
00000316   S0_Mode
00000317   S0_State
000009b0   _stack
00000a00   __STACK_END
00001100   Write_SOCK_Data_Buffer
000011f2   Read_SOCK_Data_Buffer
000012e0   Detect_Gateway
000013a8   Load_Net_Parameters
00001436   W5500_Init
000014c0   main
00001548   W5500_Interrupt_Process
000015c2   Socket_Listen
00001696   _auto_init
000016f4   Socket_Init
0000174a   W5500_Socket_Set
000017a0   UART0_RXISR
000017f4   Socket_Connect
00001842   SPI_Send_Byte
0000188a   Write_W5500_SOCK_4Byte
000018d0   Socket_UDP
00001914   Read_W5500_SOCK_2Byte
00001950   Write_W5500_nByte
00001986   io_low
000019bc   io_set
000019f2   SPI_Read_Byte
00001a26   Write_W5500_SOCK_1Byte
00001a5a   Write_W5500_SOCK_2Byte
00001a8e   Read_W5500_SOCK_1Byte
00001abe   Process_Socket_Data
00001aec   uart_0_init
00001b1a   __mspabi_slli
00001b26   __mspabi_slli_15
00001b28   __mspabi_slli_14
00001b2a   __mspabi_slli_13
00001b2c   __mspabi_slli_12
00001b2e   __mspabi_slli_11
00001b30   __mspabi_slli_10
00001b32   __mspabi_slli_9
00001b34   __mspabi_slli_8
00001b36   __mspabi_slli_7
00001b38   __mspabi_slli_6
00001b3a   __mspabi_slli_5
00001b3c   __mspabi_slli_4
00001b3e   __mspabi_slli_3
00001b40   __mspabi_slli_2
00001b42   __mspabi_slli_1
00001b46   W5500_Hardware_Reset
00001b70   Write_W5500_1Byte
00001b9a   Write_W5500_2Byte
00001bc4   spi_gpio_init
00001bee   Read_W5500_1Byte
00001c12   Delay
00001c30   _c_int00
00001c30   _c_int00_noexit
00001c4a   uart_0_send_str
00001c60   SPI_Send_Short
00001c74   __TI_zero_init
00001c88   io_read
00001c9c   uart_gpio_init
00001cb0   __TI_decompress_none
00001cc2   memcpy
00001cd4   W5500_Initialization
00001ce4   __mspabi_func_epilog_7
00001ce6   __mspabi_func_epilog_6
00001ce8   __mspabi_func_epilog_5
00001cea   __mspabi_func_epilog_4
00001cec   __mspabi_func_epilog_3
00001cee   __mspabi_func_epilog_2
00001cf0   __mspabi_func_epilog_1
00001cf4   __TI_ISR_TRAP
00001cfa   __TI_decompress_rle24
00001d00   _system_pre_init
00001d04   C$$EXIT
00001d04   abort
00001d08   spi_init
00001d2e   __TI_Handler_Table_Base
00001d34   __TI_Handler_Table_Limit
00001d38   __TI_CINIT_Base
00001d40   __TI_CINIT_Limit
0000ffe2   __TI_int01
0000ffe4   __TI_int02
0000ffe6   __TI_int03
0000ffe8   __TI_int04
0000ffea   __TI_int05
0000ffec   __TI_int06
0000ffee   __TI_int07
0000fff0   __TI_int08
0000fff2   __TI_int09
0000fff4   __TI_int10
0000fff6   __TI_int11
0000fff8   __TI_int12
0000fffa   __TI_int13
0000fffc   __TI_int14
0000fffe   _reset_vector
ffffffff   __binit__
ffffffff   __c_args__
ffffffff   binit
UNDEFED    __TI_INITARRAY_Base
UNDEFED    __TI_INITARRAY_Limit

[249 symbols]
