<?xml version="1.0"?>
<link_info>
   <banner>MSP430 Linker PC v4.2.1</banner>
   <copyright>Copyright (c) 2003-2013 Texas Instruments Incorporated</copyright>
   <link_time>0x5c7ccff0</link_time>
   <link_errors>0x0</link_errors>
   <output_file>C01_W5500_UART_MSP430_CCSV5D.out</output_file>
   <entry_point>
      <name>_c_int00</name>
      <address>0x1c02</address>
   </entry_point>
   <input_file_list>
      <input_file id="fl-2">
         <path>.\src\</path>
         <kind>object</kind>
         <file>spi.obj</file>
         <name>spi.obj</name>
      </input_file>
      <input_file id="fl-3">
         <path>.\src\</path>
         <kind>object</kind>
         <file>rs232.obj</file>
         <name>rs232.obj</name>
      </input_file>
      <input_file id="fl-4">
         <path>.\src\</path>
         <kind>object</kind>
         <file>main.obj</file>
         <name>main.obj</name>
      </input_file>
      <input_file id="fl-5">
         <path>.\src\</path>
         <kind>object</kind>
         <file>W5500.obj</file>
         <name>W5500.obj</name>
      </input_file>
      <input_file id="fl-1f">
         <path>C:\opt\ti\ccsv5\tools\compiler\msp430_4.2.1\lib\</path>
         <kind>archive</kind>
         <file>rts430_eabi.lib</file>
         <name>boot.obj</name>
      </input_file>
      <input_file id="fl-20">
         <path>C:\opt\ti\ccsv5\tools\compiler\msp430_4.2.1\lib\</path>
         <kind>archive</kind>
         <file>rts430_eabi.lib</file>
         <name>copy_decompress_none.obj</name>
      </input_file>
      <input_file id="fl-21">
         <path>C:\opt\ti\ccsv5\tools\compiler\msp430_4.2.1\lib\</path>
         <kind>archive</kind>
         <file>rts430_eabi.lib</file>
         <name>copy_decompress_rle.obj</name>
      </input_file>
      <input_file id="fl-22">
         <path>C:\opt\ti\ccsv5\tools\compiler\msp430_4.2.1\lib\</path>
         <kind>archive</kind>
         <file>rts430_eabi.lib</file>
         <name>copy_zero_init.obj</name>
      </input_file>
      <input_file id="fl-23">
         <path>C:\opt\ti\ccsv5\tools\compiler\msp430_4.2.1\lib\</path>
         <kind>archive</kind>
         <file>rts430_eabi.lib</file>
         <name>epilog.obj</name>
      </input_file>
      <input_file id="fl-24">
         <path>C:\opt\ti\ccsv5\tools\compiler\msp430_4.2.1\lib\</path>
         <kind>archive</kind>
         <file>rts430_eabi.lib</file>
         <name>exit.obj</name>
      </input_file>
      <input_file id="fl-25">
         <path>C:\opt\ti\ccsv5\tools\compiler\msp430_4.2.1\lib\</path>
         <kind>archive</kind>
         <file>rts430_eabi.lib</file>
         <name>int01.obj</name>
      </input_file>
      <input_file id="fl-26">
         <path>C:\opt\ti\ccsv5\tools\compiler\msp430_4.2.1\lib\</path>
         <kind>archive</kind>
         <file>rts430_eabi.lib</file>
         <name>int02.obj</name>
      </input_file>
      <input_file id="fl-27">
         <path>C:\opt\ti\ccsv5\tools\compiler\msp430_4.2.1\lib\</path>
         <kind>archive</kind>
         <file>rts430_eabi.lib</file>
         <name>int03.obj</name>
      </input_file>
      <input_file id="fl-28">
         <path>C:\opt\ti\ccsv5\tools\compiler\msp430_4.2.1\lib\</path>
         <kind>archive</kind>
         <file>rts430_eabi.lib</file>
         <name>int04.obj</name>
      </input_file>
      <input_file id="fl-29">
         <path>C:\opt\ti\ccsv5\tools\compiler\msp430_4.2.1\lib\</path>
         <kind>archive</kind>
         <file>rts430_eabi.lib</file>
         <name>int05.obj</name>
      </input_file>
      <input_file id="fl-2a">
         <path>C:\opt\ti\ccsv5\tools\compiler\msp430_4.2.1\lib\</path>
         <kind>archive</kind>
         <file>rts430_eabi.lib</file>
         <name>int06.obj</name>
      </input_file>
      <input_file id="fl-2b">
         <path>C:\opt\ti\ccsv5\tools\compiler\msp430_4.2.1\lib\</path>
         <kind>archive</kind>
         <file>rts430_eabi.lib</file>
         <name>int07.obj</name>
      </input_file>
      <input_file id="fl-2c">
         <path>C:\opt\ti\ccsv5\tools\compiler\msp430_4.2.1\lib\</path>
         <kind>archive</kind>
         <file>rts430_eabi.lib</file>
         <name>int08.obj</name>
      </input_file>
      <input_file id="fl-2d">
         <path>C:\opt\ti\ccsv5\tools\compiler\msp430_4.2.1\lib\</path>
         <kind>archive</kind>
         <file>rts430_eabi.lib</file>
         <name>int09.obj</name>
      </input_file>
      <input_file id="fl-2e">
         <path>C:\opt\ti\ccsv5\tools\compiler\msp430_4.2.1\lib\</path>
         <kind>archive</kind>
         <file>rts430_eabi.lib</file>
         <name>int10.obj</name>
      </input_file>
      <input_file id="fl-2f">
         <path>C:\opt\ti\ccsv5\tools\compiler\msp430_4.2.1\lib\</path>
         <kind>archive</kind>
         <file>rts430_eabi.lib</file>
         <name>int11.obj</name>
      </input_file>
      <input_file id="fl-30">
         <path>C:\opt\ti\ccsv5\tools\compiler\msp430_4.2.1\lib\</path>
         <kind>archive</kind>
         <file>rts430_eabi.lib</file>
         <name>int12.obj</name>
      </input_file>
      <input_file id="fl-31">
         <path>C:\opt\ti\ccsv5\tools\compiler\msp430_4.2.1\lib\</path>
         <kind>archive</kind>
         <file>rts430_eabi.lib</file>
         <name>int13.obj</name>
      </input_file>
      <input_file id="fl-32">
         <path>C:\opt\ti\ccsv5\tools\compiler\msp430_4.2.1\lib\</path>
         <kind>archive</kind>
         <file>rts430_eabi.lib</file>
         <name>int14.obj</name>
      </input_file>
      <input_file id="fl-33">
         <path>C:\opt\ti\ccsv5\tools\compiler\msp430_4.2.1\lib\</path>
         <kind>archive</kind>
         <file>rts430_eabi.lib</file>
         <name>isr_trap.obj</name>
      </input_file>
      <input_file id="fl-34">
         <path>C:\opt\ti\ccsv5\tools\compiler\msp430_4.2.1\lib\</path>
         <kind>archive</kind>
         <file>rts430_eabi.lib</file>
         <name>lsl16.obj</name>
      </input_file>
      <input_file id="fl-35">
         <path>C:\opt\ti\ccsv5\tools\compiler\msp430_4.2.1\lib\</path>
         <kind>archive</kind>
         <file>rts430_eabi.lib</file>
         <name>memcpy.obj</name>
      </input_file>
      <input_file id="fl-36">
         <path>C:\opt\ti\ccsv5\tools\compiler\msp430_4.2.1\lib\</path>
         <kind>archive</kind>
         <file>rts430_eabi.lib</file>
         <name>pre_init.obj</name>
      </input_file>
      <input_file id="fl-37">
         <path>C:\opt\ti\ccsv5\tools\compiler\msp430_4.2.1\lib\</path>
         <kind>archive</kind>
         <file>rts430_eabi.lib</file>
         <name>_lock.obj</name>
      </input_file>
      <input_file id="fl-38">
         <path>C:\opt\ti\ccsv5\tools\compiler\msp430_4.2.1\lib\</path>
         <kind>archive</kind>
         <file>rts430_eabi.lib</file>
         <name>args_main.obj</name>
      </input_file>
      <input_file id="fl-39">
         <path>C:\opt\ti\ccsv5\tools\compiler\msp430_4.2.1\lib\</path>
         <kind>archive</kind>
         <file>rts430_eabi.lib</file>
         <name>autoinit.obj</name>
      </input_file>
   </input_file_list>
   <object_component_list>
      <object_component id="oc-50">
         <name>.stack</name>
         <uninitialized>true</uninitialized>
         <run_address>0x9b0</run_address>
         <size>0x2</size>
         <input_file_ref idref="fl-1f"/>
      </object_component>
      <object_component id="oc-213">
         <name>.stack</name>
         <uninitialized>true</uninitialized>
         <run_address>0x9b0</run_address>
         <size>0x0</size>
      </object_component>
      <object_component id="oc-cf">
         <name>.text:Write_SOCK_Data_Buffer</name>
         <load_address>0x1100</load_address>
         <run_address>0x1100</run_address>
         <size>0xf2</size>
         <input_file_ref idref="fl-5"/>
      </object_component>
      <object_component id="oc-191">
         <name>.text:Read_SOCK_Data_Buffer</name>
         <load_address>0x11f2</load_address>
         <run_address>0x11f2</run_address>
         <size>0xee</size>
         <input_file_ref idref="fl-5"/>
      </object_component>
      <object_component id="oc-13c">
         <name>.text:Detect_Gateway</name>
         <load_address>0x12e0</load_address>
         <run_address>0x12e0</run_address>
         <size>0xc8</size>
         <input_file_ref idref="fl-5"/>
      </object_component>
      <object_component id="oc-ae">
         <name>.text:Load_Net_Parameters</name>
         <load_address>0x13a8</load_address>
         <run_address>0x13a8</run_address>
         <size>0x8e</size>
         <input_file_ref idref="fl-4"/>
      </object_component>
      <object_component id="oc-137">
         <name>.text:W5500_Init</name>
         <load_address>0x1436</load_address>
         <run_address>0x1436</run_address>
         <size>0x8a</size>
         <input_file_ref idref="fl-5"/>
      </object_component>
      <object_component id="oc-61">
         <name>.text:main</name>
         <load_address>0x14c0</load_address>
         <run_address>0x14c0</run_address>
         <size>0x86</size>
         <input_file_ref idref="fl-4"/>
      </object_component>
      <object_component id="oc-c2">
         <name>.text:W5500_Interrupt_Process</name>
         <load_address>0x1546</load_address>
         <run_address>0x1546</run_address>
         <size>0x7a</size>
         <input_file_ref idref="fl-5"/>
      </object_component>
      <object_component id="oc-147">
         <name>.text:Socket_Listen</name>
         <load_address>0x15c0</load_address>
         <run_address>0x15c0</run_address>
         <size>0x76</size>
         <input_file_ref idref="fl-5"/>
      </object_component>
      <object_component id="oc-7f">
         <name>.text:__TI_decompress_rle_core</name>
         <load_address>0x1636</load_address>
         <run_address>0x1636</run_address>
         <size>0x5e</size>
         <input_file_ref idref="fl-21"/>
      </object_component>
      <object_component id="oc-5c">
         <name>.text:_auto_init</name>
         <load_address>0x1694</load_address>
         <run_address>0x1694</run_address>
         <size>0x5e</size>
         <input_file_ref idref="fl-39"/>
      </object_component>
      <object_component id="oc-141">
         <name>.text:Socket_Init</name>
         <load_address>0x16f2</load_address>
         <run_address>0x16f2</run_address>
         <size>0x56</size>
         <input_file_ref idref="fl-5"/>
      </object_component>
      <object_component id="oc-bd">
         <name>.text:W5500_Socket_Set</name>
         <load_address>0x1748</load_address>
         <run_address>0x1748</run_address>
         <size>0x56</size>
         <input_file_ref idref="fl-4"/>
      </object_component>
      <object_component id="oc-151">
         <name>.text:Socket_Connect</name>
         <load_address>0x179e</load_address>
         <run_address>0x179e</run_address>
         <size>0x4e</size>
         <input_file_ref idref="fl-5"/>
      </object_component>
      <object_component id="oc-183">
         <name>.text:SPI_Send_Byte</name>
         <load_address>0x17ec</load_address>
         <run_address>0x17ec</run_address>
         <size>0x48</size>
         <input_file_ref idref="fl-5"/>
      </object_component>
      <object_component id="oc-169">
         <name>.text:Write_W5500_SOCK_4Byte</name>
         <load_address>0x1834</load_address>
         <run_address>0x1834</run_address>
         <size>0x46</size>
         <input_file_ref idref="fl-5"/>
      </object_component>
      <object_component id="oc-14c">
         <name>.text:Socket_UDP</name>
         <load_address>0x187a</load_address>
         <run_address>0x187a</run_address>
         <size>0x44</size>
         <input_file_ref idref="fl-5"/>
      </object_component>
      <object_component id="oc-175">
         <name>.text:Read_W5500_SOCK_2Byte</name>
         <load_address>0x18be</load_address>
         <run_address>0x18be</run_address>
         <size>0x3c</size>
         <input_file_ref idref="fl-5"/>
      </object_component>
      <object_component id="oc-122">
         <name>.text:io_low</name>
         <load_address>0x18fa</load_address>
         <run_address>0x18fa</run_address>
         <size>0x38</size>
         <input_file_ref idref="fl-5"/>
      </object_component>
      <object_component id="oc-12c">
         <name>.text:io_set</name>
         <load_address>0x1932</load_address>
         <run_address>0x1932</run_address>
         <size>0x38</size>
         <input_file_ref idref="fl-5"/>
      </object_component>
      <object_component id="oc-1ab">
         <name>.text:Write_W5500_nByte</name>
         <load_address>0x196a</load_address>
         <run_address>0x196a</run_address>
         <size>0x36</size>
         <input_file_ref idref="fl-5"/>
      </object_component>
      <object_component id="oc-19f">
         <name>.text:SPI_Read_Byte</name>
         <load_address>0x19a0</load_address>
         <run_address>0x19a0</run_address>
         <size>0x34</size>
         <input_file_ref idref="fl-5"/>
      </object_component>
      <object_component id="oc-15c">
         <name>.text:Write_W5500_SOCK_1Byte</name>
         <load_address>0x19d4</load_address>
         <run_address>0x19d4</run_address>
         <size>0x34</size>
         <input_file_ref idref="fl-5"/>
      </object_component>
      <object_component id="oc-170">
         <name>.text:Write_W5500_SOCK_2Byte</name>
         <load_address>0x1a08</load_address>
         <run_address>0x1a08</run_address>
         <size>0x34</size>
         <input_file_ref idref="fl-5"/>
      </object_component>
      <object_component id="oc-157">
         <name>.text:Read_W5500_SOCK_1Byte</name>
         <load_address>0x1a3c</load_address>
         <run_address>0x1a3c</run_address>
         <size>0x30</size>
         <input_file_ref idref="fl-5"/>
      </object_component>
      <object_component id="oc-a9">
         <name>.text:uart_0_init</name>
         <load_address>0x1a6c</load_address>
         <run_address>0x1a6c</run_address>
         <size>0x30</size>
         <input_file_ref idref="fl-3"/>
      </object_component>
      <object_component id="oc-db">
         <name>.text:Process_Socket_Data</name>
         <load_address>0x1a9c</load_address>
         <run_address>0x1a9c</run_address>
         <size>0x2e</size>
         <input_file_ref idref="fl-4"/>
      </object_component>
      <object_component id="oc-17f">
         <name>.text</name>
         <load_address>0x1aca</load_address>
         <run_address>0x1aca</run_address>
         <size>0x2c</size>
         <input_file_ref idref="fl-34"/>
      </object_component>
      <object_component id="oc-9f">
         <name>.text:spi_gpio_init</name>
         <load_address>0x1af6</load_address>
         <run_address>0x1af6</run_address>
         <size>0x2c</size>
         <input_file_ref idref="fl-2"/>
      </object_component>
      <object_component id="oc-b3">
         <name>.text:W5500_Hardware_Reset</name>
         <load_address>0x1b22</load_address>
         <run_address>0x1b22</run_address>
         <size>0x2a</size>
         <input_file_ref idref="fl-5"/>
      </object_component>
      <object_component id="oc-1a5">
         <name>.text:Write_W5500_1Byte</name>
         <load_address>0x1b4c</load_address>
         <run_address>0x1b4c</run_address>
         <size>0x2a</size>
         <input_file_ref idref="fl-5"/>
      </object_component>
      <object_component id="oc-1b3">
         <name>.text:Write_W5500_2Byte</name>
         <load_address>0x1b76</load_address>
         <run_address>0x1b76</run_address>
         <size>0x2a</size>
         <input_file_ref idref="fl-5"/>
      </object_component>
      <object_component id="oc-131">
         <name>.text:Read_W5500_1Byte</name>
         <load_address>0x1ba0</load_address>
         <run_address>0x1ba0</run_address>
         <size>0x24</size>
         <input_file_ref idref="fl-5"/>
      </object_component>
      <object_component id="oc-9a">
         <name>.text:system_clk_init</name>
         <load_address>0x1bc4</load_address>
         <run_address>0x1bc4</run_address>
         <size>0x20</size>
         <input_file_ref idref="fl-4"/>
      </object_component>
      <object_component id="oc-127">
         <name>.text:Delay</name>
         <load_address>0x1be4</load_address>
         <run_address>0x1be4</run_address>
         <size>0x1e</size>
         <input_file_ref idref="fl-4"/>
      </object_component>
      <object_component id="oc-3c">
         <name>.text:_c_int00_noexit</name>
         <load_address>0x1c02</load_address>
         <run_address>0x1c02</run_address>
         <size>0x1a</size>
         <input_file_ref idref="fl-1f"/>
      </object_component>
      <object_component id="oc-d5">
         <name>.text:uart_0_send_str</name>
         <load_address>0x1c1c</load_address>
         <run_address>0x1c1c</run_address>
         <size>0x16</size>
         <input_file_ref idref="fl-3"/>
      </object_component>
      <object_component id="oc-17a">
         <name>.text:SPI_Send_Short</name>
         <load_address>0x1c32</load_address>
         <run_address>0x1c32</run_address>
         <size>0x14</size>
         <input_file_ref idref="fl-5"/>
      </object_component>
      <object_component id="oc-46">
         <name>.text:decompress:ZI:__TI_zero_init</name>
         <load_address>0x1c46</load_address>
         <run_address>0x1c46</run_address>
         <size>0x14</size>
         <input_file_ref idref="fl-22"/>
      </object_component>
      <object_component id="oc-1d2">
         <name>.text:io_read</name>
         <load_address>0x1c5a</load_address>
         <run_address>0x1c5a</run_address>
         <size>0x14</size>
         <input_file_ref idref="fl-5"/>
      </object_component>
      <object_component id="oc-a4">
         <name>.text:uart_gpio_init</name>
         <load_address>0x1c6e</load_address>
         <run_address>0x1c6e</run_address>
         <size>0x14</size>
         <input_file_ref idref="fl-3"/>
      </object_component>
      <object_component id="oc-41">
         <name>.text:decompress:none:__TI_decompress_none</name>
         <load_address>0x1c82</load_address>
         <run_address>0x1c82</run_address>
         <size>0x12</size>
         <input_file_ref idref="fl-20"/>
      </object_component>
      <object_component id="oc-6c">
         <name>.text:memcpy</name>
         <load_address>0x1c94</load_address>
         <run_address>0x1c94</run_address>
         <size>0x12</size>
         <input_file_ref idref="fl-35"/>
      </object_component>
      <object_component id="oc-b8">
         <name>.text:W5500_Initialization</name>
         <load_address>0x1ca6</load_address>
         <run_address>0x1ca6</run_address>
         <size>0x10</size>
         <input_file_ref idref="fl-4"/>
      </object_component>
      <object_component id="oc-94">
         <name>.text</name>
         <load_address>0x1cb6</load_address>
         <run_address>0x1cb6</run_address>
         <size>0x10</size>
         <input_file_ref idref="fl-23"/>
      </object_component>
      <object_component id="oc-53">
         <name>.text:__TI_ISR_TRAP</name>
         <load_address>0x1cc6</load_address>
         <run_address>0x1cc6</run_address>
         <size>0x6</size>
         <input_file_ref idref="fl-33"/>
      </object_component>
      <object_component id="oc-4b">
         <name>.text:decompress:rle24:__TI_decompress_rle24</name>
         <load_address>0x1ccc</load_address>
         <run_address>0x1ccc</run_address>
         <size>0x6</size>
         <input_file_ref idref="fl-21"/>
      </object_component>
      <object_component id="oc-57">
         <name>.text:_system_pre_init</name>
         <load_address>0x1cd2</load_address>
         <run_address>0x1cd2</run_address>
         <size>0x4</size>
         <input_file_ref idref="fl-36"/>
      </object_component>
      <object_component id="oc-66">
         <name>.text:abort</name>
         <load_address>0x1cd6</load_address>
         <run_address>0x1cd6</run_address>
         <size>0x4</size>
         <input_file_ref idref="fl-24"/>
      </object_component>
      <object_component id="oc-212">
         <name>.cinit..data.load</name>
         <load_address>0x1cf4</load_address>
         <run_address>0x1cf4</run_address>
         <size>0x6</size>
      </object_component>
      <object_component id="oc-20f">
         <name>__TI_handler_table</name>
         <load_address>0x1cfa</load_address>
         <run_address>0x1cfa</run_address>
         <size>0x6</size>
      </object_component>
      <object_component id="oc-211">
         <name>.cinit..bss.load</name>
         <load_address>0x1d00</load_address>
         <run_address>0x1d00</run_address>
         <size>0x4</size>
      </object_component>
      <object_component id="oc-210">
         <name>__TI_cinit_table</name>
         <load_address>0x1d04</load_address>
         <run_address>0x1d04</run_address>
         <size>0x8</size>
      </object_component>
      <object_component id="oc-cd">
         <name>.const:.string</name>
         <load_address>0x1cda</load_address>
         <run_address>0x1cda</run_address>
         <size>0x1a</size>
         <input_file_ref idref="fl-4"/>
      </object_component>
      <object_component id="oc-2e">
         <name>.int01</name>
         <load_address>0xffe2</load_address>
         <run_address>0xffe2</run_address>
         <size>0x2</size>
         <input_file_ref idref="fl-25"/>
      </object_component>
      <object_component id="oc-2f">
         <name>.int02</name>
         <load_address>0xffe4</load_address>
         <run_address>0xffe4</run_address>
         <size>0x2</size>
         <input_file_ref idref="fl-26"/>
      </object_component>
      <object_component id="oc-30">
         <name>.int03</name>
         <load_address>0xffe6</load_address>
         <run_address>0xffe6</run_address>
         <size>0x2</size>
         <input_file_ref idref="fl-27"/>
      </object_component>
      <object_component id="oc-31">
         <name>.int04</name>
         <load_address>0xffe8</load_address>
         <run_address>0xffe8</run_address>
         <size>0x2</size>
         <input_file_ref idref="fl-28"/>
      </object_component>
      <object_component id="oc-32">
         <name>.int05</name>
         <load_address>0xffea</load_address>
         <run_address>0xffea</run_address>
         <size>0x2</size>
         <input_file_ref idref="fl-29"/>
      </object_component>
      <object_component id="oc-33">
         <name>.int06</name>
         <load_address>0xffec</load_address>
         <run_address>0xffec</run_address>
         <size>0x2</size>
         <input_file_ref idref="fl-2a"/>
      </object_component>
      <object_component id="oc-34">
         <name>.int07</name>
         <load_address>0xffee</load_address>
         <run_address>0xffee</run_address>
         <size>0x2</size>
         <input_file_ref idref="fl-2b"/>
      </object_component>
      <object_component id="oc-35">
         <name>.int08</name>
         <load_address>0xfff0</load_address>
         <run_address>0xfff0</run_address>
         <size>0x2</size>
         <input_file_ref idref="fl-2c"/>
      </object_component>
      <object_component id="oc-36">
         <name>.int09</name>
         <load_address>0xfff2</load_address>
         <run_address>0xfff2</run_address>
         <size>0x2</size>
         <input_file_ref idref="fl-2d"/>
      </object_component>
      <object_component id="oc-37">
         <name>.int10</name>
         <load_address>0xfff4</load_address>
         <run_address>0xfff4</run_address>
         <size>0x2</size>
         <input_file_ref idref="fl-2e"/>
      </object_component>
      <object_component id="oc-38">
         <name>.int11</name>
         <load_address>0xfff6</load_address>
         <run_address>0xfff6</run_address>
         <size>0x2</size>
         <input_file_ref idref="fl-2f"/>
      </object_component>
      <object_component id="oc-39">
         <name>.int12</name>
         <load_address>0xfff8</load_address>
         <run_address>0xfff8</run_address>
         <size>0x2</size>
         <input_file_ref idref="fl-30"/>
      </object_component>
      <object_component id="oc-3a">
         <name>.int13</name>
         <load_address>0xfffa</load_address>
         <run_address>0xfffa</run_address>
         <size>0x2</size>
         <input_file_ref idref="fl-31"/>
      </object_component>
      <object_component id="oc-3b">
         <name>.int14</name>
         <load_address>0xfffc</load_address>
         <run_address>0xfffc</run_address>
         <size>0x2</size>
         <input_file_ref idref="fl-32"/>
      </object_component>
      <object_component id="oc-52">
         <name>.reset</name>
         <load_address>0xfffe</load_address>
         <run_address>0xfffe</run_address>
         <size>0x2</size>
         <input_file_ref idref="fl-1f"/>
      </object_component>
      <object_component id="oc-1aa">
         <name>.common:Gateway_IP</name>
         <uninitialized>true</uninitialized>
         <run_address>0x2a6</run_address>
         <size>0x4</size>
      </object_component>
      <object_component id="oc-1b0">
         <name>.common:Sub_Mask</name>
         <uninitialized>true</uninitialized>
         <run_address>0x2b2</run_address>
         <size>0x4</size>
      </object_component>
      <object_component id="oc-1b1">
         <name>.common:Phy_Addr</name>
         <uninitialized>true</uninitialized>
         <run_address>0x2a0</run_address>
         <size>0x6</size>
      </object_component>
      <object_component id="oc-1bc">
         <name>.common:IP_Addr</name>
         <uninitialized>true</uninitialized>
         <run_address>0x2aa</run_address>
         <size>0x4</size>
      </object_component>
      <object_component id="oc-1bf">
         <name>.common:S0_Port</name>
         <uninitialized>true</uninitialized>
         <run_address>0x2bc</run_address>
         <size>0x2</size>
      </object_component>
      <object_component id="oc-1c2">
         <name>.common:S0_DIP</name>
         <uninitialized>true</uninitialized>
         <run_address>0x2ae</run_address>
         <size>0x4</size>
      </object_component>
      <object_component id="oc-1c1">
         <name>.common:S0_DPort</name>
         <uninitialized>true</uninitialized>
         <run_address>0x2ba</run_address>
         <size>0x2</size>
      </object_component>
      <object_component id="oc-168">
         <name>.common:UDP_DIPR</name>
         <uninitialized>true</uninitialized>
         <run_address>0x2b6</run_address>
         <size>0x4</size>
      </object_component>
      <object_component id="oc-16f">
         <name>.common:UDP_DPORT</name>
         <uninitialized>true</uninitialized>
         <run_address>0x2be</run_address>
         <size>0x2</size>
      </object_component>
      <object_component id="oc-162">
         <name>.common:S0_Data</name>
         <uninitialized>true</uninitialized>
         <run_address>0x2c0</run_address>
         <size>0x1</size>
      </object_component>
      <object_component id="oc-197">
         <name>.common:Rx_Buffer</name>
         <uninitialized>true</uninitialized>
         <run_address>0x200</run_address>
         <size>0x50</size>
      </object_component>
      <object_component id="oc-198">
         <name>.common:Tx_Buffer</name>
         <uninitialized>true</uninitialized>
         <run_address>0x250</run_address>
         <size>0x50</size>
      </object_component>
      <object_component id="oc-c9">
         <name>.data</name>
         <load_address>0x2c1</load_address>
         <run_address>0x2c1</run_address>
         <size>0x2</size>
         <input_file_ref idref="fl-5"/>
      </object_component>
      <object_component id="oc-3d">
         <name>.debug_frame</name>
         <load_address>0x0</load_address>
         <run_address>0x0</run_address>
         <size>0x42</size>
         <input_file_ref idref="fl-1f"/>
      </object_component>
      <object_component id="oc-44">
         <name>.debug_frame</name>
         <load_address>0x42</load_address>
         <run_address>0x42</run_address>
         <size>0x47</size>
         <input_file_ref idref="fl-20"/>
      </object_component>
      <object_component id="oc-49">
         <name>.debug_frame</name>
         <load_address>0x89</load_address>
         <run_address>0x89</run_address>
         <size>0x47</size>
         <input_file_ref idref="fl-22"/>
      </object_component>
      <object_component id="oc-4e">
         <name>.debug_frame</name>
         <load_address>0xd0</load_address>
         <run_address>0xd0</run_address>
         <size>0x47</size>
         <input_file_ref idref="fl-21"/>
      </object_component>
      <object_component id="oc-59">
         <name>.debug_frame</name>
         <load_address>0x117</load_address>
         <run_address>0x117</run_address>
         <size>0x47</size>
         <input_file_ref idref="fl-36"/>
      </object_component>
      <object_component id="oc-5f">
         <name>.debug_frame</name>
         <load_address>0x15e</load_address>
         <run_address>0x15e</run_address>
         <size>0x51</size>
         <input_file_ref idref="fl-39"/>
      </object_component>
      <object_component id="oc-63">
         <name>.debug_frame</name>
         <load_address>0x1af</load_address>
         <run_address>0x1af</run_address>
         <size>0x4d</size>
         <input_file_ref idref="fl-4"/>
      </object_component>
      <object_component id="oc-67">
         <name>.debug_frame</name>
         <load_address>0x1fc</load_address>
         <run_address>0x1fc</run_address>
         <size>0x47</size>
         <input_file_ref idref="fl-24"/>
      </object_component>
      <object_component id="oc-6e">
         <name>.debug_frame</name>
         <load_address>0x243</load_address>
         <run_address>0x243</run_address>
         <size>0x47</size>
         <input_file_ref idref="fl-35"/>
      </object_component>
      <object_component id="oc-83">
         <name>.debug_frame</name>
         <load_address>0x28a</load_address>
         <run_address>0x28a</run_address>
         <size>0x51</size>
         <input_file_ref idref="fl-21"/>
      </object_component>
      <object_component id="oc-9c">
         <name>.debug_frame</name>
         <load_address>0x2db</load_address>
         <run_address>0x2db</run_address>
         <size>0x47</size>
         <input_file_ref idref="fl-4"/>
      </object_component>
      <object_component id="oc-a2">
         <name>.debug_frame</name>
         <load_address>0x322</load_address>
         <run_address>0x322</run_address>
         <size>0x47</size>
         <input_file_ref idref="fl-2"/>
      </object_component>
      <object_component id="oc-a6">
         <name>.debug_frame</name>
         <load_address>0x369</load_address>
         <run_address>0x369</run_address>
         <size>0x47</size>
         <input_file_ref idref="fl-3"/>
      </object_component>
      <object_component id="oc-ab">
         <name>.debug_frame</name>
         <load_address>0x3b0</load_address>
         <run_address>0x3b0</run_address>
         <size>0x47</size>
         <input_file_ref idref="fl-3"/>
      </object_component>
      <object_component id="oc-b0">
         <name>.debug_frame</name>
         <load_address>0x3f7</load_address>
         <run_address>0x3f7</run_address>
         <size>0x48</size>
         <input_file_ref idref="fl-4"/>
      </object_component>
      <object_component id="oc-b7">
         <name>.debug_frame</name>
         <load_address>0x43f</load_address>
         <run_address>0x43f</run_address>
         <size>0x47</size>
         <input_file_ref idref="fl-5"/>
      </object_component>
      <object_component id="oc-ba">
         <name>.debug_frame</name>
         <load_address>0x486</load_address>
         <run_address>0x486</run_address>
         <size>0x47</size>
         <input_file_ref idref="fl-4"/>
      </object_component>
      <object_component id="oc-bf">
         <name>.debug_frame</name>
         <load_address>0x4cd</load_address>
         <run_address>0x4cd</run_address>
         <size>0x47</size>
         <input_file_ref idref="fl-4"/>
      </object_component>
      <object_component id="oc-c6">
         <name>.debug_frame</name>
         <load_address>0x514</load_address>
         <run_address>0x514</run_address>
         <size>0x50</size>
         <input_file_ref idref="fl-5"/>
      </object_component>
      <object_component id="oc-d3">
         <name>.debug_frame</name>
         <load_address>0x564</load_address>
         <run_address>0x564</run_address>
         <size>0x66</size>
         <input_file_ref idref="fl-5"/>
      </object_component>
      <object_component id="oc-d7">
         <name>.debug_frame</name>
         <load_address>0x5ca</load_address>
         <run_address>0x5ca</run_address>
         <size>0x47</size>
         <input_file_ref idref="fl-3"/>
      </object_component>
      <object_component id="oc-dd">
         <name>.debug_frame</name>
         <load_address>0x611</load_address>
         <run_address>0x611</run_address>
         <size>0x51</size>
         <input_file_ref idref="fl-4"/>
      </object_component>
      <object_component id="oc-125">
         <name>.debug_frame</name>
         <load_address>0x662</load_address>
         <run_address>0x662</run_address>
         <size>0x47</size>
         <input_file_ref idref="fl-5"/>
      </object_component>
      <object_component id="oc-129">
         <name>.debug_frame</name>
         <load_address>0x6a9</load_address>
         <run_address>0x6a9</run_address>
         <size>0x47</size>
         <input_file_ref idref="fl-4"/>
      </object_component>
      <object_component id="oc-12f">
         <name>.debug_frame</name>
         <load_address>0x6f0</load_address>
         <run_address>0x6f0</run_address>
         <size>0x47</size>
         <input_file_ref idref="fl-5"/>
      </object_component>
      <object_component id="oc-134">
         <name>.debug_frame</name>
         <load_address>0x737</load_address>
         <run_address>0x737</run_address>
         <size>0x47</size>
         <input_file_ref idref="fl-5"/>
      </object_component>
      <object_component id="oc-13b">
         <name>.debug_frame</name>
         <load_address>0x77e</load_address>
         <run_address>0x77e</run_address>
         <size>0x51</size>
         <input_file_ref idref="fl-5"/>
      </object_component>
      <object_component id="oc-140">
         <name>.debug_frame</name>
         <load_address>0x7cf</load_address>
         <run_address>0x7cf</run_address>
         <size>0x57</size>
         <input_file_ref idref="fl-5"/>
      </object_component>
      <object_component id="oc-145">
         <name>.debug_frame</name>
         <load_address>0x826</load_address>
         <run_address>0x826</run_address>
         <size>0x50</size>
         <input_file_ref idref="fl-5"/>
      </object_component>
      <object_component id="oc-14b">
         <name>.debug_frame</name>
         <load_address>0x876</load_address>
         <run_address>0x876</run_address>
         <size>0x50</size>
         <input_file_ref idref="fl-5"/>
      </object_component>
      <object_component id="oc-150">
         <name>.debug_frame</name>
         <load_address>0x8c6</load_address>
         <run_address>0x8c6</run_address>
         <size>0x50</size>
         <input_file_ref idref="fl-5"/>
      </object_component>
      <object_component id="oc-155">
         <name>.debug_frame</name>
         <load_address>0x916</load_address>
         <run_address>0x916</run_address>
         <size>0x50</size>
         <input_file_ref idref="fl-5"/>
      </object_component>
      <object_component id="oc-15a">
         <name>.debug_frame</name>
         <load_address>0x966</load_address>
         <run_address>0x966</run_address>
         <size>0x50</size>
         <input_file_ref idref="fl-5"/>
      </object_component>
      <object_component id="oc-15f">
         <name>.debug_frame</name>
         <load_address>0x9b6</load_address>
         <run_address>0x9b6</run_address>
         <size>0x51</size>
         <input_file_ref idref="fl-5"/>
      </object_component>
      <object_component id="oc-16c">
         <name>.debug_frame</name>
         <load_address>0xa07</load_address>
         <run_address>0xa07</run_address>
         <size>0x51</size>
         <input_file_ref idref="fl-5"/>
      </object_component>
      <object_component id="oc-173">
         <name>.debug_frame</name>
         <load_address>0xa58</load_address>
         <run_address>0xa58</run_address>
         <size>0x51</size>
         <input_file_ref idref="fl-5"/>
      </object_component>
      <object_component id="oc-178">
         <name>.debug_frame</name>
         <load_address>0xaa9</load_address>
         <run_address>0xaa9</run_address>
         <size>0x50</size>
         <input_file_ref idref="fl-5"/>
      </object_component>
      <object_component id="oc-17d">
         <name>.debug_frame</name>
         <load_address>0xaf9</load_address>
         <run_address>0xaf9</run_address>
         <size>0x47</size>
         <input_file_ref idref="fl-5"/>
      </object_component>
      <object_component id="oc-185">
         <name>.debug_frame</name>
         <load_address>0xb40</load_address>
         <run_address>0xb40</run_address>
         <size>0x47</size>
         <input_file_ref idref="fl-5"/>
      </object_component>
      <object_component id="oc-195">
         <name>.debug_frame</name>
         <load_address>0xb87</load_address>
         <run_address>0xb87</run_address>
         <size>0x66</size>
         <input_file_ref idref="fl-5"/>
      </object_component>
      <object_component id="oc-1a1">
         <name>.debug_frame</name>
         <load_address>0xbed</load_address>
         <run_address>0xbed</run_address>
         <size>0x47</size>
         <input_file_ref idref="fl-5"/>
      </object_component>
      <object_component id="oc-1a8">
         <name>.debug_frame</name>
         <load_address>0xc34</load_address>
         <run_address>0xc34</run_address>
         <size>0x50</size>
         <input_file_ref idref="fl-5"/>
      </object_component>
      <object_component id="oc-1ae">
         <name>.debug_frame</name>
         <load_address>0xc84</load_address>
         <run_address>0xc84</run_address>
         <size>0x51</size>
         <input_file_ref idref="fl-5"/>
      </object_component>
      <object_component id="oc-1b6">
         <name>.debug_frame</name>
         <load_address>0xcd5</load_address>
         <run_address>0xcd5</run_address>
         <size>0x50</size>
         <input_file_ref idref="fl-5"/>
      </object_component>
      <object_component id="oc-1d4">
         <name>.debug_frame</name>
         <load_address>0xd25</load_address>
         <run_address>0xd25</run_address>
         <size>0x47</size>
         <input_file_ref idref="fl-5"/>
      </object_component>
      <object_component id="oc-3e">
         <name>.debug_info</name>
         <load_address>0x0</load_address>
         <run_address>0x0</run_address>
         <size>0x125</size>
         <input_file_ref idref="fl-1f"/>
      </object_component>
      <object_component id="oc-45">
         <name>.debug_info</name>
         <load_address>0x125</load_address>
         <run_address>0x125</run_address>
         <size>0x194</size>
         <input_file_ref idref="fl-20"/>
      </object_component>
      <object_component id="oc-48">
         <name>.debug_info</name>
         <load_address>0x2b9</load_address>
         <run_address>0x2b9</run_address>
         <size>0x16a</size>
         <input_file_ref idref="fl-22"/>
      </object_component>
      <object_component id="oc-4c">
         <name>.debug_info</name>
         <load_address>0x423</load_address>
         <run_address>0x423</run_address>
         <size>0x18e</size>
         <input_file_ref idref="fl-21"/>
      </object_component>
      <object_component id="oc-51">
         <name>.debug_info</name>
         <load_address>0x5b1</load_address>
         <run_address>0x5b1</run_address>
         <size>0xaa</size>
         <input_file_ref idref="fl-1f"/>
      </object_component>
      <object_component id="oc-55">
         <name>.debug_info</name>
         <load_address>0x65b</load_address>
         <run_address>0x65b</run_address>
         <size>0xc2</size>
         <input_file_ref idref="fl-33"/>
      </object_component>
      <object_component id="oc-58">
         <name>.debug_info</name>
         <load_address>0x71d</load_address>
         <run_address>0x71d</run_address>
         <size>0xfd</size>
         <input_file_ref idref="fl-36"/>
      </object_component>
      <object_component id="oc-5e">
         <name>.debug_info</name>
         <load_address>0x81a</load_address>
         <run_address>0x81a</run_address>
         <size>0x14d</size>
         <input_file_ref idref="fl-39"/>
      </object_component>
      <object_component id="oc-62">
         <name>.debug_info</name>
         <load_address>0x967</load_address>
         <run_address>0x967</run_address>
         <size>0x279</size>
         <input_file_ref idref="fl-4"/>
      </object_component>
      <object_component id="oc-69">
         <name>.debug_info</name>
         <load_address>0xbe0</load_address>
         <run_address>0xbe0</run_address>
         <size>0xcc</size>
         <input_file_ref idref="fl-24"/>
      </object_component>
      <object_component id="oc-6d">
         <name>.debug_info</name>
         <load_address>0xcac</load_address>
         <run_address>0xcac</run_address>
         <size>0x157</size>
         <input_file_ref idref="fl-35"/>
      </object_component>
      <object_component id="oc-72">
         <name>.debug_info</name>
         <load_address>0xe03</load_address>
         <run_address>0xe03</run_address>
         <size>0x46</size>
         <input_file_ref idref="fl-20"/>
      </object_component>
      <object_component id="oc-77">
         <name>.debug_info</name>
         <load_address>0xe49</load_address>
         <run_address>0xe49</run_address>
         <size>0x164</size>
         <input_file_ref idref="fl-20"/>
      </object_component>
      <object_component id="oc-79">
         <name>.debug_info</name>
         <load_address>0xfad</load_address>
         <run_address>0xfad</run_address>
         <size>0x46</size>
         <input_file_ref idref="fl-22"/>
      </object_component>
      <object_component id="oc-7e">
         <name>.debug_info</name>
         <load_address>0xff3</load_address>
         <run_address>0xff3</run_address>
         <size>0x11f</size>
         <input_file_ref idref="fl-22"/>
      </object_component>
      <object_component id="oc-81">
         <name>.debug_info</name>
         <load_address>0x1112</load_address>
         <run_address>0x1112</run_address>
         <size>0x1e9</size>
         <input_file_ref idref="fl-21"/>
      </object_component>
      <object_component id="oc-85">
         <name>.debug_info</name>
         <load_address>0x12fb</load_address>
         <run_address>0x12fb</run_address>
         <size>0x129</size>
         <input_file_ref idref="fl-21"/>
      </object_component>
      <object_component id="oc-86">
         <name>.debug_info</name>
         <load_address>0x1424</load_address>
         <run_address>0x1424</run_address>
         <size>0x39</size>
         <input_file_ref idref="fl-21"/>
      </object_component>
      <object_component id="oc-8d">
         <name>.debug_info</name>
         <load_address>0x145d</load_address>
         <run_address>0x145d</run_address>
         <size>0x84</size>
         <input_file_ref idref="fl-2"/>
      </object_component>
      <object_component id="oc-95">
         <name>.debug_info</name>
         <load_address>0x14e1</load_address>
         <run_address>0x14e1</run_address>
         <size>0xe1</size>
         <input_file_ref idref="fl-23"/>
      </object_component>
      <object_component id="oc-99">
         <name>.debug_info</name>
         <load_address>0x15c2</load_address>
         <run_address>0x15c2</run_address>
         <size>0x2ba</size>
         <input_file_ref idref="fl-39"/>
      </object_component>
      <object_component id="oc-9b">
         <name>.debug_info</name>
         <load_address>0x187c</load_address>
         <run_address>0x187c</run_address>
         <size>0x11d</size>
         <input_file_ref idref="fl-4"/>
      </object_component>
      <object_component id="oc-a0">
         <name>.debug_info</name>
         <load_address>0x1999</load_address>
         <run_address>0x1999</run_address>
         <size>0x10b</size>
         <input_file_ref idref="fl-2"/>
      </object_component>
      <object_component id="oc-a5">
         <name>.debug_info</name>
         <load_address>0x1aa4</load_address>
         <run_address>0x1aa4</run_address>
         <size>0x113</size>
         <input_file_ref idref="fl-3"/>
      </object_component>
      <object_component id="oc-aa">
         <name>.debug_info</name>
         <load_address>0x1bb7</load_address>
         <run_address>0x1bb7</run_address>
         <size>0x10d</size>
         <input_file_ref idref="fl-3"/>
      </object_component>
      <object_component id="oc-af">
         <name>.debug_info</name>
         <load_address>0x1cc4</load_address>
         <run_address>0x1cc4</run_address>
         <size>0x11a</size>
         <input_file_ref idref="fl-4"/>
      </object_component>
      <object_component id="oc-b4">
         <name>.debug_info</name>
         <load_address>0x1dde</load_address>
         <run_address>0x1dde</run_address>
         <size>0x16b</size>
         <input_file_ref idref="fl-5"/>
      </object_component>
      <object_component id="oc-b9">
         <name>.debug_info</name>
         <load_address>0x1f49</load_address>
         <run_address>0x1f49</run_address>
         <size>0x154</size>
         <input_file_ref idref="fl-4"/>
      </object_component>
      <object_component id="oc-be">
         <name>.debug_info</name>
         <load_address>0x209d</load_address>
         <run_address>0x209d</run_address>
         <size>0x14e</size>
         <input_file_ref idref="fl-4"/>
      </object_component>
      <object_component id="oc-c3">
         <name>.debug_info</name>
         <load_address>0x21eb</load_address>
         <run_address>0x21eb</run_address>
         <size>0x1f1</size>
         <input_file_ref idref="fl-5"/>
      </object_component>
      <object_component id="oc-c8">
         <name>.debug_info</name>
         <load_address>0x23dc</load_address>
         <run_address>0x23dc</run_address>
         <size>0x382</size>
         <input_file_ref idref="fl-5"/>
      </object_component>
      <object_component id="oc-ca">
         <name>.debug_info</name>
         <load_address>0x275e</load_address>
         <run_address>0x275e</run_address>
         <size>0xf2</size>
         <input_file_ref idref="fl-5"/>
      </object_component>
      <object_component id="oc-d0">
         <name>.debug_info</name>
         <load_address>0x2850</load_address>
         <run_address>0x2850</run_address>
         <size>0x357</size>
         <input_file_ref idref="fl-5"/>
      </object_component>
      <object_component id="oc-d8">
         <name>.debug_info</name>
         <load_address>0x2ba7</load_address>
         <run_address>0x2ba7</run_address>
         <size>0x133</size>
         <input_file_ref idref="fl-3"/>
      </object_component>
      <object_component id="oc-dc">
         <name>.debug_info</name>
         <load_address>0x2cda</load_address>
         <run_address>0x2cda</run_address>
         <size>0x181</size>
         <input_file_ref idref="fl-4"/>
      </object_component>
      <object_component id="oc-e4">
         <name>.debug_info</name>
         <load_address>0x2e5b</load_address>
         <run_address>0x2e5b</run_address>
         <size>0x127</size>
         <input_file_ref idref="fl-35"/>
      </object_component>
      <object_component id="oc-e5">
         <name>.debug_info</name>
         <load_address>0x2f82</load_address>
         <run_address>0x2f82</run_address>
         <size>0x2c</size>
         <input_file_ref idref="fl-22"/>
      </object_component>
      <object_component id="oc-ea">
         <name>.debug_info</name>
         <load_address>0x2fae</load_address>
         <run_address>0x2fae</run_address>
         <size>0x2c</size>
         <input_file_ref idref="fl-20"/>
      </object_component>
      <object_component id="oc-f9">
         <name>.debug_info</name>
         <load_address>0x2fda</load_address>
         <run_address>0x2fda</run_address>
         <size>0x39</size>
         <input_file_ref idref="fl-39"/>
      </object_component>
      <object_component id="oc-ff">
         <name>.debug_info</name>
         <load_address>0x3013</load_address>
         <run_address>0x3013</run_address>
         <size>0x18b</size>
         <input_file_ref idref="fl-2"/>
      </object_component>
      <object_component id="oc-123">
         <name>.debug_info</name>
         <load_address>0x319e</load_address>
         <run_address>0x319e</run_address>
         <size>0x112</size>
         <input_file_ref idref="fl-5"/>
      </object_component>
      <object_component id="oc-128">
         <name>.debug_info</name>
         <load_address>0x32b0</load_address>
         <run_address>0x32b0</run_address>
         <size>0x12a</size>
         <input_file_ref idref="fl-4"/>
      </object_component>
      <object_component id="oc-12d">
         <name>.debug_info</name>
         <load_address>0x33da</load_address>
         <run_address>0x33da</run_address>
         <size>0x112</size>
         <input_file_ref idref="fl-5"/>
      </object_component>
      <object_component id="oc-132">
         <name>.debug_info</name>
         <load_address>0x34ec</load_address>
         <run_address>0x34ec</run_address>
         <size>0x19e</size>
         <input_file_ref idref="fl-5"/>
      </object_component>
      <object_component id="oc-138">
         <name>.debug_info</name>
         <load_address>0x368a</load_address>
         <run_address>0x368a</run_address>
         <size>0x207</size>
         <input_file_ref idref="fl-5"/>
      </object_component>
      <object_component id="oc-13d">
         <name>.debug_info</name>
         <load_address>0x3891</load_address>
         <run_address>0x3891</run_address>
         <size>0x274</size>
         <input_file_ref idref="fl-5"/>
      </object_component>
      <object_component id="oc-142">
         <name>.debug_info</name>
         <load_address>0x3b05</load_address>
         <run_address>0x3b05</run_address>
         <size>0x19a</size>
         <input_file_ref idref="fl-5"/>
      </object_component>
      <object_component id="oc-148">
         <name>.debug_info</name>
         <load_address>0x3c9f</load_address>
         <run_address>0x3c9f</run_address>
         <size>0x20f</size>
         <input_file_ref idref="fl-5"/>
      </object_component>
      <object_component id="oc-14d">
         <name>.debug_info</name>
         <load_address>0x3eae</load_address>
         <run_address>0x3eae</run_address>
         <size>0x1a7</size>
         <input_file_ref idref="fl-5"/>
      </object_component>
      <object_component id="oc-152">
         <name>.debug_info</name>
         <load_address>0x4055</load_address>
         <run_address>0x4055</run_address>
         <size>0x1cc</size>
         <input_file_ref idref="fl-5"/>
      </object_component>
      <object_component id="oc-158">
         <name>.debug_info</name>
         <load_address>0x4221</load_address>
         <run_address>0x4221</run_address>
         <size>0x1d4</size>
         <input_file_ref idref="fl-5"/>
      </object_component>
      <object_component id="oc-15d">
         <name>.debug_info</name>
         <load_address>0x43f5</load_address>
         <run_address>0x43f5</run_address>
         <size>0x1df</size>
         <input_file_ref idref="fl-5"/>
      </object_component>
      <object_component id="oc-16a">
         <name>.debug_info</name>
         <load_address>0x45d4</load_address>
         <run_address>0x45d4</run_address>
         <size>0x22b</size>
         <input_file_ref idref="fl-5"/>
      </object_component>
      <object_component id="oc-171">
         <name>.debug_info</name>
         <load_address>0x47ff</load_address>
         <run_address>0x47ff</run_address>
         <size>0x1e0</size>
         <input_file_ref idref="fl-5"/>
      </object_component>
      <object_component id="oc-176">
         <name>.debug_info</name>
         <load_address>0x49df</load_address>
         <run_address>0x49df</run_address>
         <size>0x1e8</size>
         <input_file_ref idref="fl-5"/>
      </object_component>
      <object_component id="oc-17b">
         <name>.debug_info</name>
         <load_address>0x4bc7</load_address>
         <run_address>0x4bc7</run_address>
         <size>0x155</size>
         <input_file_ref idref="fl-5"/>
      </object_component>
      <object_component id="oc-181">
         <name>.debug_info</name>
         <load_address>0x4d1c</load_address>
         <run_address>0x4d1c</run_address>
         <size>0xd3</size>
         <input_file_ref idref="fl-34"/>
      </object_component>
      <object_component id="oc-184">
         <name>.debug_info</name>
         <load_address>0x4def</load_address>
         <run_address>0x4def</run_address>
         <size>0x18b</size>
         <input_file_ref idref="fl-5"/>
      </object_component>
      <object_component id="oc-189">
         <name>.debug_info</name>
         <load_address>0x4f7a</load_address>
         <run_address>0x4f7a</run_address>
         <size>0x2d</size>
         <input_file_ref idref="fl-3"/>
      </object_component>
      <object_component id="oc-18f">
         <name>.debug_info</name>
         <load_address>0x4fa7</load_address>
         <run_address>0x4fa7</run_address>
         <size>0x2ac</size>
         <input_file_ref idref="fl-3"/>
      </object_component>
      <object_component id="oc-192">
         <name>.debug_info</name>
         <load_address>0x5253</load_address>
         <run_address>0x5253</run_address>
         <size>0x31f</size>
         <input_file_ref idref="fl-5"/>
      </object_component>
      <object_component id="oc-1a0">
         <name>.debug_info</name>
         <load_address>0x5572</load_address>
         <run_address>0x5572</run_address>
         <size>0x168</size>
         <input_file_ref idref="fl-5"/>
      </object_component>
      <object_component id="oc-1a6">
         <name>.debug_info</name>
         <load_address>0x56da</load_address>
         <run_address>0x56da</run_address>
         <size>0x1ac</size>
         <input_file_ref idref="fl-5"/>
      </object_component>
      <object_component id="oc-1ac">
         <name>.debug_info</name>
         <load_address>0x5886</load_address>
         <run_address>0x5886</run_address>
         <size>0x1e3</size>
         <input_file_ref idref="fl-5"/>
      </object_component>
      <object_component id="oc-1b4">
         <name>.debug_info</name>
         <load_address>0x5a69</load_address>
         <run_address>0x5a69</run_address>
         <size>0x1ad</size>
         <input_file_ref idref="fl-5"/>
      </object_component>
      <object_component id="oc-1d3">
         <name>.debug_info</name>
         <load_address>0x5c16</load_address>
         <run_address>0x5c16</run_address>
         <size>0x123</size>
         <input_file_ref idref="fl-5"/>
      </object_component>
      <object_component id="oc-214">
         <name>.debug_info</name>
         <load_address>0x5d39</load_address>
         <run_address>0x5d39</run_address>
         <size>0xa4</size>
      </object_component>
      <object_component id="oc-3f">
         <name>.debug_line</name>
         <load_address>0x0</load_address>
         <run_address>0x0</run_address>
         <size>0x44</size>
         <input_file_ref idref="fl-1f"/>
      </object_component>
      <object_component id="oc-43">
         <name>.debug_line</name>
         <load_address>0x44</load_address>
         <run_address>0x44</run_address>
         <size>0x50</size>
         <input_file_ref idref="fl-20"/>
      </object_component>
      <object_component id="oc-47">
         <name>.debug_line</name>
         <load_address>0x94</load_address>
         <run_address>0x94</run_address>
         <size>0x4a</size>
         <input_file_ref idref="fl-22"/>
      </object_component>
      <object_component id="oc-4d">
         <name>.debug_line</name>
         <load_address>0xde</load_address>
         <run_address>0xde</run_address>
         <size>0x49</size>
         <input_file_ref idref="fl-21"/>
      </object_component>
      <object_component id="oc-56">
         <name>.debug_line</name>
         <load_address>0x127</load_address>
         <run_address>0x127</run_address>
         <size>0x3c</size>
         <input_file_ref idref="fl-33"/>
      </object_component>
      <object_component id="oc-5a">
         <name>.debug_line</name>
         <load_address>0x163</load_address>
         <run_address>0x163</run_address>
         <size>0x3e</size>
         <input_file_ref idref="fl-36"/>
      </object_component>
      <object_component id="oc-5d">
         <name>.debug_line</name>
         <load_address>0x1a1</load_address>
         <run_address>0x1a1</run_address>
         <size>0x6b</size>
         <input_file_ref idref="fl-39"/>
      </object_component>
      <object_component id="oc-64">
         <name>.debug_line</name>
         <load_address>0x20c</load_address>
         <run_address>0x20c</run_address>
         <size>0x70</size>
         <input_file_ref idref="fl-4"/>
      </object_component>
      <object_component id="oc-6a">
         <name>.debug_line</name>
         <load_address>0x27c</load_address>
         <run_address>0x27c</run_address>
         <size>0x3a</size>
         <input_file_ref idref="fl-24"/>
      </object_component>
      <object_component id="oc-6f">
         <name>.debug_line</name>
         <load_address>0x2b6</load_address>
         <run_address>0x2b6</run_address>
         <size>0x45</size>
         <input_file_ref idref="fl-35"/>
      </object_component>
      <object_component id="oc-74">
         <name>.debug_line</name>
         <load_address>0x2fb</load_address>
         <run_address>0x2fb</run_address>
         <size>0x3a</size>
         <input_file_ref idref="fl-20"/>
      </object_component>
      <object_component id="oc-7b">
         <name>.debug_line</name>
         <load_address>0x335</load_address>
         <run_address>0x335</run_address>
         <size>0x34</size>
         <input_file_ref idref="fl-22"/>
      </object_component>
      <object_component id="oc-80">
         <name>.debug_line</name>
         <load_address>0x369</load_address>
         <run_address>0x369</run_address>
         <size>0x80</size>
         <input_file_ref idref="fl-21"/>
      </object_component>
      <object_component id="oc-88">
         <name>.debug_line</name>
         <load_address>0x3e9</load_address>
         <run_address>0x3e9</run_address>
         <size>0x39</size>
         <input_file_ref idref="fl-21"/>
      </object_component>
      <object_component id="oc-8c">
         <name>.debug_line</name>
         <load_address>0x422</load_address>
         <run_address>0x422</run_address>
         <size>0x2a</size>
         <input_file_ref idref="fl-1f"/>
      </object_component>
      <object_component id="oc-8f">
         <name>.debug_line</name>
         <load_address>0x44c</load_address>
         <run_address>0x44c</run_address>
         <size>0x20</size>
         <input_file_ref idref="fl-2"/>
      </object_component>
      <object_component id="oc-97">
         <name>.debug_line</name>
         <load_address>0x46c</load_address>
         <run_address>0x46c</run_address>
         <size>0x40</size>
         <input_file_ref idref="fl-23"/>
      </object_component>
      <object_component id="oc-9d">
         <name>.debug_line</name>
         <load_address>0x4ac</load_address>
         <run_address>0x4ac</run_address>
         <size>0x54</size>
         <input_file_ref idref="fl-4"/>
      </object_component>
      <object_component id="oc-a1">
         <name>.debug_line</name>
         <load_address>0x500</load_address>
         <run_address>0x500</run_address>
         <size>0x49</size>
         <input_file_ref idref="fl-2"/>
      </object_component>
      <object_component id="oc-a7">
         <name>.debug_line</name>
         <load_address>0x549</load_address>
         <run_address>0x549</run_address>
         <size>0x47</size>
         <input_file_ref idref="fl-3"/>
      </object_component>
      <object_component id="oc-ac">
         <name>.debug_line</name>
         <load_address>0x590</load_address>
         <run_address>0x590</run_address>
         <size>0x4d</size>
         <input_file_ref idref="fl-3"/>
      </object_component>
      <object_component id="oc-b1">
         <name>.debug_line</name>
         <load_address>0x5dd</load_address>
         <run_address>0x5dd</run_address>
         <size>0x61</size>
         <input_file_ref idref="fl-4"/>
      </object_component>
      <object_component id="oc-b5">
         <name>.debug_line</name>
         <load_address>0x63e</load_address>
         <run_address>0x63e</run_address>
         <size>0x4e</size>
         <input_file_ref idref="fl-5"/>
      </object_component>
      <object_component id="oc-bb">
         <name>.debug_line</name>
         <load_address>0x68c</load_address>
         <run_address>0x68c</run_address>
         <size>0x49</size>
         <input_file_ref idref="fl-4"/>
      </object_component>
      <object_component id="oc-c0">
         <name>.debug_line</name>
         <load_address>0x6d5</load_address>
         <run_address>0x6d5</run_address>
         <size>0x62</size>
         <input_file_ref idref="fl-4"/>
      </object_component>
      <object_component id="oc-c4">
         <name>.debug_line</name>
         <load_address>0x737</load_address>
         <run_address>0x737</run_address>
         <size>0x6f</size>
         <input_file_ref idref="fl-5"/>
      </object_component>
      <object_component id="oc-d1">
         <name>.debug_line</name>
         <load_address>0x7a6</load_address>
         <run_address>0x7a6</run_address>
         <size>0x8a</size>
         <input_file_ref idref="fl-5"/>
      </object_component>
      <object_component id="oc-d6">
         <name>.debug_line</name>
         <load_address>0x830</load_address>
         <run_address>0x830</run_address>
         <size>0x4e</size>
         <input_file_ref idref="fl-3"/>
      </object_component>
      <object_component id="oc-de">
         <name>.debug_line</name>
         <load_address>0x87e</load_address>
         <run_address>0x87e</run_address>
         <size>0x49</size>
         <input_file_ref idref="fl-4"/>
      </object_component>
      <object_component id="oc-e7">
         <name>.debug_line</name>
         <load_address>0x8c7</load_address>
         <run_address>0x8c7</run_address>
         <size>0x44</size>
         <input_file_ref idref="fl-22"/>
      </object_component>
      <object_component id="oc-ec">
         <name>.debug_line</name>
         <load_address>0x90b</load_address>
         <run_address>0x90b</run_address>
         <size>0x44</size>
         <input_file_ref idref="fl-20"/>
      </object_component>
      <object_component id="oc-f0">
         <name>.debug_line</name>
         <load_address>0x94f</load_address>
         <run_address>0x94f</run_address>
         <size>0x20</size>
         <input_file_ref idref="fl-20"/>
      </object_component>
      <object_component id="oc-f2">
         <name>.debug_line</name>
         <load_address>0x96f</load_address>
         <run_address>0x96f</run_address>
         <size>0x20</size>
         <input_file_ref idref="fl-22"/>
      </object_component>
      <object_component id="oc-f5">
         <name>.debug_line</name>
         <load_address>0x98f</load_address>
         <run_address>0x98f</run_address>
         <size>0x20</size>
         <input_file_ref idref="fl-21"/>
      </object_component>
      <object_component id="oc-f8">
         <name>.debug_line</name>
         <load_address>0x9af</load_address>
         <run_address>0x9af</run_address>
         <size>0x2e</size>
         <input_file_ref idref="fl-39"/>
      </object_component>
      <object_component id="oc-fb">
         <name>.debug_line</name>
         <load_address>0x9dd</load_address>
         <run_address>0x9dd</run_address>
         <size>0x2e</size>
         <input_file_ref idref="fl-39"/>
      </object_component>
      <object_component id="oc-101">
         <name>.debug_line</name>
         <load_address>0xa0b</load_address>
         <run_address>0xa0b</run_address>
         <size>0x60</size>
         <input_file_ref idref="fl-2"/>
      </object_component>
      <object_component id="oc-124">
         <name>.debug_line</name>
         <load_address>0xa6b</load_address>
         <run_address>0xa6b</run_address>
         <size>0x5d</size>
         <input_file_ref idref="fl-5"/>
      </object_component>
      <object_component id="oc-12a">
         <name>.debug_line</name>
         <load_address>0xac8</load_address>
         <run_address>0xac8</run_address>
         <size>0x4b</size>
         <input_file_ref idref="fl-4"/>
      </object_component>
      <object_component id="oc-12e">
         <name>.debug_line</name>
         <load_address>0xb13</load_address>
         <run_address>0xb13</run_address>
         <size>0x5c</size>
         <input_file_ref idref="fl-5"/>
      </object_component>
      <object_component id="oc-133">
         <name>.debug_line</name>
         <load_address>0xb6f</load_address>
         <run_address>0xb6f</run_address>
         <size>0x4d</size>
         <input_file_ref idref="fl-5"/>
      </object_component>
      <object_component id="oc-139">
         <name>.debug_line</name>
         <load_address>0xbbc</load_address>
         <run_address>0xbbc</run_address>
         <size>0x5b</size>
         <input_file_ref idref="fl-5"/>
      </object_component>
      <object_component id="oc-13e">
         <name>.debug_line</name>
         <load_address>0xc17</load_address>
         <run_address>0xc17</run_address>
         <size>0x6b</size>
         <input_file_ref idref="fl-5"/>
      </object_component>
      <object_component id="oc-143">
         <name>.debug_line</name>
         <load_address>0xc82</load_address>
         <run_address>0xc82</run_address>
         <size>0x54</size>
         <input_file_ref idref="fl-5"/>
      </object_component>
      <object_component id="oc-149">
         <name>.debug_line</name>
         <load_address>0xcd6</load_address>
         <run_address>0xcd6</run_address>
         <size>0x5b</size>
         <input_file_ref idref="fl-5"/>
      </object_component>
      <object_component id="oc-14e">
         <name>.debug_line</name>
         <load_address>0xd31</load_address>
         <run_address>0xd31</run_address>
         <size>0x50</size>
         <input_file_ref idref="fl-5"/>
      </object_component>
      <object_component id="oc-153">
         <name>.debug_line</name>
         <load_address>0xd81</load_address>
         <run_address>0xd81</run_address>
         <size>0x53</size>
         <input_file_ref idref="fl-5"/>
      </object_component>
      <object_component id="oc-159">
         <name>.debug_line</name>
         <load_address>0xdd4</load_address>
         <run_address>0xdd4</run_address>
         <size>0x4d</size>
         <input_file_ref idref="fl-5"/>
      </object_component>
      <object_component id="oc-15e">
         <name>.debug_line</name>
         <load_address>0xe21</load_address>
         <run_address>0xe21</run_address>
         <size>0x4c</size>
         <input_file_ref idref="fl-5"/>
      </object_component>
      <object_component id="oc-165">
         <name>.debug_line</name>
         <load_address>0xe6d</load_address>
         <run_address>0xe6d</run_address>
         <size>0x7c</size>
         <input_file_ref idref="fl-5"/>
      </object_component>
      <object_component id="oc-167">
         <name>.debug_line</name>
         <load_address>0xee9</load_address>
         <run_address>0xee9</run_address>
         <size>0x32</size>
         <input_file_ref idref="fl-5"/>
      </object_component>
      <object_component id="oc-16b">
         <name>.debug_line</name>
         <load_address>0xf1b</load_address>
         <run_address>0xf1b</run_address>
         <size>0x4f</size>
         <input_file_ref idref="fl-5"/>
      </object_component>
      <object_component id="oc-172">
         <name>.debug_line</name>
         <load_address>0xf6a</load_address>
         <run_address>0xf6a</run_address>
         <size>0x4c</size>
         <input_file_ref idref="fl-5"/>
      </object_component>
      <object_component id="oc-177">
         <name>.debug_line</name>
         <load_address>0xfb6</load_address>
         <run_address>0xfb6</run_address>
         <size>0x4f</size>
         <input_file_ref idref="fl-5"/>
      </object_component>
      <object_component id="oc-17c">
         <name>.debug_line</name>
         <load_address>0x1005</load_address>
         <run_address>0x1005</run_address>
         <size>0x49</size>
         <input_file_ref idref="fl-5"/>
      </object_component>
      <object_component id="oc-180">
         <name>.debug_line</name>
         <load_address>0x104e</load_address>
         <run_address>0x104e</run_address>
         <size>0x4e</size>
         <input_file_ref idref="fl-34"/>
      </object_component>
      <object_component id="oc-186">
         <name>.debug_line</name>
         <load_address>0x109c</load_address>
         <run_address>0x109c</run_address>
         <size>0x59</size>
         <input_file_ref idref="fl-5"/>
      </object_component>
      <object_component id="oc-18b">
         <name>.debug_line</name>
         <load_address>0x10f5</load_address>
         <run_address>0x10f5</run_address>
         <size>0x32</size>
         <input_file_ref idref="fl-3"/>
      </object_component>
      <object_component id="oc-193">
         <name>.debug_line</name>
         <load_address>0x1127</load_address>
         <run_address>0x1127</run_address>
         <size>0x9a</size>
         <input_file_ref idref="fl-5"/>
      </object_component>
      <object_component id="oc-19b">
         <name>.debug_line</name>
         <load_address>0x11c1</load_address>
         <run_address>0x11c1</run_address>
         <size>0x20</size>
         <input_file_ref idref="fl-35"/>
      </object_component>
      <object_component id="oc-1a2">
         <name>.debug_line</name>
         <load_address>0x11e1</load_address>
         <run_address>0x11e1</run_address>
         <size>0x5a</size>
         <input_file_ref idref="fl-5"/>
      </object_component>
      <object_component id="oc-1a7">
         <name>.debug_line</name>
         <load_address>0x123b</load_address>
         <run_address>0x123b</run_address>
         <size>0x4c</size>
         <input_file_ref idref="fl-5"/>
      </object_component>
      <object_component id="oc-1ad">
         <name>.debug_line</name>
         <load_address>0x1287</load_address>
         <run_address>0x1287</run_address>
         <size>0x57</size>
         <input_file_ref idref="fl-5"/>
      </object_component>
      <object_component id="oc-1b5">
         <name>.debug_line</name>
         <load_address>0x12de</load_address>
         <run_address>0x12de</run_address>
         <size>0x4c</size>
         <input_file_ref idref="fl-5"/>
      </object_component>
      <object_component id="oc-1d0">
         <name>.debug_line</name>
         <load_address>0x132a</load_address>
         <run_address>0x132a</run_address>
         <size>0x8b</size>
         <input_file_ref idref="fl-3"/>
      </object_component>
      <object_component id="oc-1d5">
         <name>.debug_line</name>
         <load_address>0x13b5</load_address>
         <run_address>0x13b5</run_address>
         <size>0x4c</size>
         <input_file_ref idref="fl-5"/>
      </object_component>
      <object_component id="oc-40">
         <name>.debug_aranges</name>
         <load_address>0x0</load_address>
         <run_address>0x0</run_address>
         <size>0x20</size>
         <input_file_ref idref="fl-1f"/>
      </object_component>
      <object_component id="oc-42">
         <name>.debug_aranges</name>
         <load_address>0x20</load_address>
         <run_address>0x20</run_address>
         <size>0x20</size>
         <input_file_ref idref="fl-20"/>
      </object_component>
      <object_component id="oc-4a">
         <name>.debug_aranges</name>
         <load_address>0x40</load_address>
         <run_address>0x40</run_address>
         <size>0x20</size>
         <input_file_ref idref="fl-22"/>
      </object_component>
      <object_component id="oc-4f">
         <name>.debug_aranges</name>
         <load_address>0x60</load_address>
         <run_address>0x60</run_address>
         <size>0x20</size>
         <input_file_ref idref="fl-21"/>
      </object_component>
      <object_component id="oc-54">
         <name>.debug_aranges</name>
         <load_address>0x80</load_address>
         <run_address>0x80</run_address>
         <size>0x20</size>
         <input_file_ref idref="fl-33"/>
      </object_component>
      <object_component id="oc-5b">
         <name>.debug_aranges</name>
         <load_address>0xa0</load_address>
         <run_address>0xa0</run_address>
         <size>0x20</size>
         <input_file_ref idref="fl-36"/>
      </object_component>
      <object_component id="oc-60">
         <name>.debug_aranges</name>
         <load_address>0xc0</load_address>
         <run_address>0xc0</run_address>
         <size>0x20</size>
         <input_file_ref idref="fl-39"/>
      </object_component>
      <object_component id="oc-65">
         <name>.debug_aranges</name>
         <load_address>0xe0</load_address>
         <run_address>0xe0</run_address>
         <size>0x20</size>
         <input_file_ref idref="fl-4"/>
      </object_component>
      <object_component id="oc-68">
         <name>.debug_aranges</name>
         <load_address>0x100</load_address>
         <run_address>0x100</run_address>
         <size>0x20</size>
         <input_file_ref idref="fl-24"/>
      </object_component>
      <object_component id="oc-70">
         <name>.debug_aranges</name>
         <load_address>0x120</load_address>
         <run_address>0x120</run_address>
         <size>0x20</size>
         <input_file_ref idref="fl-35"/>
      </object_component>
      <object_component id="oc-82">
         <name>.debug_aranges</name>
         <load_address>0x140</load_address>
         <run_address>0x140</run_address>
         <size>0x20</size>
         <input_file_ref idref="fl-21"/>
      </object_component>
      <object_component id="oc-96">
         <name>.debug_aranges</name>
         <load_address>0x160</load_address>
         <run_address>0x160</run_address>
         <size>0x20</size>
         <input_file_ref idref="fl-23"/>
      </object_component>
      <object_component id="oc-9e">
         <name>.debug_aranges</name>
         <load_address>0x180</load_address>
         <run_address>0x180</run_address>
         <size>0x20</size>
         <input_file_ref idref="fl-4"/>
      </object_component>
      <object_component id="oc-a3">
         <name>.debug_aranges</name>
         <load_address>0x1a0</load_address>
         <run_address>0x1a0</run_address>
         <size>0x20</size>
         <input_file_ref idref="fl-2"/>
      </object_component>
      <object_component id="oc-a8">
         <name>.debug_aranges</name>
         <load_address>0x1c0</load_address>
         <run_address>0x1c0</run_address>
         <size>0x20</size>
         <input_file_ref idref="fl-3"/>
      </object_component>
      <object_component id="oc-ad">
         <name>.debug_aranges</name>
         <load_address>0x1e0</load_address>
         <run_address>0x1e0</run_address>
         <size>0x20</size>
         <input_file_ref idref="fl-3"/>
      </object_component>
      <object_component id="oc-b2">
         <name>.debug_aranges</name>
         <load_address>0x200</load_address>
         <run_address>0x200</run_address>
         <size>0x20</size>
         <input_file_ref idref="fl-4"/>
      </object_component>
      <object_component id="oc-b6">
         <name>.debug_aranges</name>
         <load_address>0x220</load_address>
         <run_address>0x220</run_address>
         <size>0x20</size>
         <input_file_ref idref="fl-5"/>
      </object_component>
      <object_component id="oc-bc">
         <name>.debug_aranges</name>
         <load_address>0x240</load_address>
         <run_address>0x240</run_address>
         <size>0x20</size>
         <input_file_ref idref="fl-4"/>
      </object_component>
      <object_component id="oc-c1">
         <name>.debug_aranges</name>
         <load_address>0x260</load_address>
         <run_address>0x260</run_address>
         <size>0x20</size>
         <input_file_ref idref="fl-4"/>
      </object_component>
      <object_component id="oc-c5">
         <name>.debug_aranges</name>
         <load_address>0x280</load_address>
         <run_address>0x280</run_address>
         <size>0x20</size>
         <input_file_ref idref="fl-5"/>
      </object_component>
      <object_component id="oc-d2">
         <name>.debug_aranges</name>
         <load_address>0x2a0</load_address>
         <run_address>0x2a0</run_address>
         <size>0x20</size>
         <input_file_ref idref="fl-5"/>
      </object_component>
      <object_component id="oc-d9">
         <name>.debug_aranges</name>
         <load_address>0x2c0</load_address>
         <run_address>0x2c0</run_address>
         <size>0x20</size>
         <input_file_ref idref="fl-3"/>
      </object_component>
      <object_component id="oc-df">
         <name>.debug_aranges</name>
         <load_address>0x2e0</load_address>
         <run_address>0x2e0</run_address>
         <size>0x20</size>
         <input_file_ref idref="fl-4"/>
      </object_component>
      <object_component id="oc-126">
         <name>.debug_aranges</name>
         <load_address>0x300</load_address>
         <run_address>0x300</run_address>
         <size>0x20</size>
         <input_file_ref idref="fl-5"/>
      </object_component>
      <object_component id="oc-12b">
         <name>.debug_aranges</name>
         <load_address>0x320</load_address>
         <run_address>0x320</run_address>
         <size>0x20</size>
         <input_file_ref idref="fl-4"/>
      </object_component>
      <object_component id="oc-130">
         <name>.debug_aranges</name>
         <load_address>0x340</load_address>
         <run_address>0x340</run_address>
         <size>0x20</size>
         <input_file_ref idref="fl-5"/>
      </object_component>
      <object_component id="oc-135">
         <name>.debug_aranges</name>
         <load_address>0x360</load_address>
         <run_address>0x360</run_address>
         <size>0x20</size>
         <input_file_ref idref="fl-5"/>
      </object_component>
      <object_component id="oc-13a">
         <name>.debug_aranges</name>
         <load_address>0x380</load_address>
         <run_address>0x380</run_address>
         <size>0x20</size>
         <input_file_ref idref="fl-5"/>
      </object_component>
      <object_component id="oc-13f">
         <name>.debug_aranges</name>
         <load_address>0x3a0</load_address>
         <run_address>0x3a0</run_address>
         <size>0x20</size>
         <input_file_ref idref="fl-5"/>
      </object_component>
[...]
         <value>0x140</value>
      </symbol>
      <symbol id="sm-67">
         <name>ADC12MEM1</name>
         <value>0x142</value>
      </symbol>
      <symbol id="sm-68">
         <name>ADC12MEM2</name>
         <value>0x144</value>
      </symbol>
      <symbol id="sm-69">
         <name>ADC12MEM3</name>
         <value>0x146</value>
      </symbol>
      <symbol id="sm-6a">
         <name>ADC12MEM4</name>
         <value>0x148</value>
      </symbol>
      <symbol id="sm-6b">
         <name>ADC12MEM5</name>
         <value>0x14a</value>
      </symbol>
      <symbol id="sm-6c">
         <name>ADC12MEM6</name>
         <value>0x14c</value>
      </symbol>
      <symbol id="sm-6d">
         <name>ADC12MEM7</name>
         <value>0x14e</value>
      </symbol>
      <symbol id="sm-6e">
         <name>ADC12MEM8</name>
         <value>0x150</value>
      </symbol>
      <symbol id="sm-6f">
         <name>ADC12MEM9</name>
         <value>0x152</value>
      </symbol>
      <symbol id="sm-70">
         <name>ADC12MEM10</name>
         <value>0x154</value>
      </symbol>
      <symbol id="sm-71">
         <name>ADC12MEM11</name>
         <value>0x156</value>
      </symbol>
      <symbol id="sm-72">
         <name>ADC12MEM12</name>
         <value>0x158</value>
      </symbol>
      <symbol id="sm-73">
         <name>ADC12MEM13</name>
         <value>0x15a</value>
      </symbol>
      <symbol id="sm-74">
         <name>ADC12MEM14</name>
         <value>0x15c</value>
      </symbol>
      <symbol id="sm-75">
         <name>ADC12MEM15</name>
         <value>0x15e</value>
      </symbol>
      <symbol id="sm-76">
         <name>ADC12MCTL0</name>
         <value>0x80</value>
      </symbol>
      <symbol id="sm-77">
         <name>ADC12MCTL1</name>
         <value>0x81</value>
      </symbol>
      <symbol id="sm-78">
         <name>ADC12MCTL2</name>
         <value>0x82</value>
      </symbol>
      <symbol id="sm-79">
         <name>ADC12MCTL3</name>
         <value>0x83</value>
      </symbol>
      <symbol id="sm-7a">
         <name>ADC12MCTL4</name>
         <value>0x84</value>
      </symbol>
      <symbol id="sm-7b">
         <name>ADC12MCTL5</name>
         <value>0x85</value>
      </symbol>
      <symbol id="sm-7c">
         <name>ADC12MCTL6</name>
         <value>0x86</value>
      </symbol>
      <symbol id="sm-7d">
         <name>ADC12MCTL7</name>
         <value>0x87</value>
      </symbol>
      <symbol id="sm-7e">
         <name>ADC12MCTL8</name>
         <value>0x88</value>
      </symbol>
      <symbol id="sm-7f">
         <name>ADC12MCTL9</name>
         <value>0x89</value>
      </symbol>
      <symbol id="sm-80">
         <name>ADC12MCTL10</name>
         <value>0x8a</value>
      </symbol>
      <symbol id="sm-81">
         <name>ADC12MCTL11</name>
         <value>0x8b</value>
      </symbol>
      <symbol id="sm-82">
         <name>ADC12MCTL12</name>
         <value>0x8c</value>
      </symbol>
      <symbol id="sm-83">
         <name>ADC12MCTL13</name>
         <value>0x8d</value>
      </symbol>
      <symbol id="sm-84">
         <name>ADC12MCTL14</name>
         <value>0x8e</value>
      </symbol>
      <symbol id="sm-85">
         <name>ADC12MCTL15</name>
         <value>0x8f</value>
      </symbol>
      <symbol id="sm-86">
         <name>__TI_CINIT_Base</name>
         <value>0x1d04</value>
      </symbol>
      <symbol id="sm-87">
         <name>__TI_CINIT_Limit</name>
         <value>0x1d0c</value>
      </symbol>
      <symbol id="sm-88">
         <name>__TI_Handler_Table_Base</name>
         <value>0x1cfa</value>
      </symbol>
      <symbol id="sm-89">
         <name>__TI_Handler_Table_Limit</name>
         <value>0x1d00</value>
      </symbol>
      <symbol id="sm-8a">
         <name>binit</name>
         <value>0xffffffff</value>
      </symbol>
      <symbol id="sm-8b">
         <name>__binit__</name>
         <value>0xffffffff</value>
      </symbol>
      <symbol id="sm-8c">
         <name>__STACK_SIZE</name>
         <value>0x50</value>
      </symbol>
      <symbol id="sm-8d">
         <name>__STACK_END</name>
         <value>0xa00</value>
      </symbol>
      <symbol id="sm-8e">
         <name>__c_args__</name>
         <value>0xffffffff</value>
      </symbol>
      <symbol id="sm-c7">
         <name>spi_gpio_init</name>
         <value>0x1af6</value>
         <object_component_ref idref="oc-9f"/>
      </symbol>
      <symbol id="sm-e5">
         <name>uart_0_init</name>
         <value>0x1a6c</value>
         <object_component_ref idref="oc-a9"/>
      </symbol>
      <symbol id="sm-e6">
         <name>uart_gpio_init</name>
         <value>0x1c6e</value>
         <object_component_ref idref="oc-a4"/>
      </symbol>
      <symbol id="sm-e7">
         <name>uart_0_send_str</name>
         <value>0x1c1c</value>
         <object_component_ref idref="oc-d5"/>
      </symbol>
      <symbol id="sm-125">
         <name>W5500_Initialization</name>
         <value>0x1ca6</value>
         <object_component_ref idref="oc-b8"/>
      </symbol>
      <symbol id="sm-126">
         <name>Load_Net_Parameters</name>
         <value>0x13a8</value>
         <object_component_ref idref="oc-ae"/>
      </symbol>
      <symbol id="sm-127">
         <name>main</name>
         <value>0x14c0</value>
         <object_component_ref idref="oc-61"/>
      </symbol>
      <symbol id="sm-128">
         <name>Delay</name>
         <value>0x1be4</value>
         <object_component_ref idref="oc-127"/>
      </symbol>
      <symbol id="sm-129">
         <name>system_clk_init</name>
         <value>0x1bc4</value>
         <object_component_ref idref="oc-9a"/>
      </symbol>
      <symbol id="sm-12a">
         <name>Process_Socket_Data</name>
         <value>0x1a9c</value>
         <object_component_ref idref="oc-db"/>
      </symbol>
      <symbol id="sm-12b">
         <name>W5500_Socket_Set</name>
         <value>0x1748</value>
         <object_component_ref idref="oc-bd"/>
      </symbol>
      <symbol id="sm-205">
         <name>Gateway_IP</name>
         <value>0x2a6</value>
      </symbol>
      <symbol id="sm-206">
         <name>Sub_Mask</name>
         <value>0x2b2</value>
      </symbol>
      <symbol id="sm-207">
         <name>Phy_Addr</name>
         <value>0x2a0</value>
      </symbol>
      <symbol id="sm-208">
         <name>IP_Addr</name>
         <value>0x2aa</value>
      </symbol>
      <symbol id="sm-209">
         <name>S0_Port</name>
         <value>0x2bc</value>
      </symbol>
      <symbol id="sm-20a">
         <name>S0_DIP</name>
         <value>0x2ae</value>
      </symbol>
      <symbol id="sm-20b">
         <name>S0_DPort</name>
         <value>0x2ba</value>
      </symbol>
      <symbol id="sm-20c">
         <name>UDP_DIPR</name>
         <value>0x2b6</value>
      </symbol>
      <symbol id="sm-20d">
         <name>UDP_DPORT</name>
         <value>0x2be</value>
      </symbol>
      <symbol id="sm-20e">
         <name>S0_Data</name>
         <value>0x2c0</value>
      </symbol>
      <symbol id="sm-20f">
         <name>Rx_Buffer</name>
         <value>0x200</value>
      </symbol>
      <symbol id="sm-210">
         <name>Tx_Buffer</name>
         <value>0x250</value>
      </symbol>
      <symbol id="sm-211">
         <name>Write_W5500_1Byte</name>
         <value>0x1b4c</value>
         <object_component_ref idref="oc-1a5"/>
      </symbol>
      <symbol id="sm-212">
         <name>Socket_Listen</name>
         <value>0x15c0</value>
         <object_component_ref idref="oc-147"/>
      </symbol>
      <symbol id="sm-213">
         <name>S0_State</name>
         <value>0x2c2</value>
         <object_component_ref idref="oc-c9"/>
      </symbol>
      <symbol id="sm-214">
         <name>Detect_Gateway</name>
         <value>0x12e0</value>
         <object_component_ref idref="oc-13c"/>
      </symbol>
      <symbol id="sm-215">
         <name>Write_W5500_SOCK_2Byte</name>
         <value>0x1a08</value>
         <object_component_ref idref="oc-170"/>
      </symbol>
      <symbol id="sm-216">
         <name>io_read</name>
         <value>0x1c5a</value>
         <object_component_ref idref="oc-1d2"/>
      </symbol>
      <symbol id="sm-217">
         <name>Socket_UDP</name>
         <value>0x187a</value>
         <object_component_ref idref="oc-14c"/>
      </symbol>
      <symbol id="sm-218">
         <name>Read_W5500_SOCK_1Byte</name>
         <value>0x1a3c</value>
         <object_component_ref idref="oc-157"/>
      </symbol>
      <symbol id="sm-219">
         <name>W5500_Hardware_Reset</name>
         <value>0x1b22</value>
         <object_component_ref idref="oc-b3"/>
      </symbol>
      <symbol id="sm-21a">
         <name>Write_W5500_2Byte</name>
         <value>0x1b76</value>
         <object_component_ref idref="oc-1b3"/>
      </symbol>
      <symbol id="sm-21b">
         <name>SPI_Send_Short</name>
         <value>0x1c32</value>
         <object_component_ref idref="oc-17a"/>
      </symbol>
      <symbol id="sm-21c">
         <name>SPI_Send_Byte</name>
         <value>0x17ec</value>
         <object_component_ref idref="oc-183"/>
      </symbol>
      <symbol id="sm-21d">
         <name>Write_W5500_SOCK_4Byte</name>
         <value>0x1834</value>
         <object_component_ref idref="oc-169"/>
      </symbol>
      <symbol id="sm-21e">
         <name>SPI_Read_Byte</name>
         <value>0x19a0</value>
         <object_component_ref idref="oc-19f"/>
      </symbol>
      <symbol id="sm-21f">
         <name>io_low</name>
         <value>0x18fa</value>
         <object_component_ref idref="oc-122"/>
      </symbol>
      <symbol id="sm-220">
         <name>Write_W5500_nByte</name>
         <value>0x196a</value>
         <object_component_ref idref="oc-1ab"/>
      </symbol>
      <symbol id="sm-221">
         <name>Read_W5500_SOCK_2Byte</name>
         <value>0x18be</value>
         <object_component_ref idref="oc-175"/>
      </symbol>
      <symbol id="sm-222">
         <name>W5500_Init</name>
         <value>0x1436</value>
         <object_component_ref idref="oc-137"/>
      </symbol>
      <symbol id="sm-223">
         <name>Read_W5500_1Byte</name>
         <value>0x1ba0</value>
         <object_component_ref idref="oc-131"/>
      </symbol>
      <symbol id="sm-224">
         <name>Socket_Connect</name>
         <value>0x179e</value>
         <object_component_ref idref="oc-151"/>
      </symbol>
      <symbol id="sm-225">
         <name>W5500_Interrupt_Process</name>
         <value>0x1546</value>
         <object_component_ref idref="oc-c2"/>
      </symbol>
      <symbol id="sm-226">
         <name>S0_Mode</name>
         <value>0x2c1</value>
         <object_component_ref idref="oc-c9"/>
      </symbol>
      <symbol id="sm-227">
         <name>Read_SOCK_Data_Buffer</name>
         <value>0x11f2</value>
         <object_component_ref idref="oc-191"/>
      </symbol>
      <symbol id="sm-228">
         <name>io_set</name>
         <value>0x1932</value>
         <object_component_ref idref="oc-12c"/>
      </symbol>
      <symbol id="sm-229">
         <name>Write_W5500_SOCK_1Byte</name>
         <value>0x19d4</value>
         <object_component_ref idref="oc-15c"/>
      </symbol>
      <symbol id="sm-22a">
         <name>Socket_Init</name>
         <value>0x16f2</value>
         <object_component_ref idref="oc-141"/>
      </symbol>
      <symbol id="sm-22b">
         <name>Write_SOCK_Data_Buffer</name>
         <value>0x1100</value>
         <object_component_ref idref="oc-cf"/>
      </symbol>
      <symbol id="sm-239">
         <name>_c_int00_noexit</name>
         <value>0x1c02</value>
         <object_component_ref idref="oc-3c"/>
      </symbol>
      <symbol id="sm-23a">
         <name>_c_int00</name>
         <value>0x1c02</value>
         <object_component_ref idref="oc-3c"/>
      </symbol>
      <symbol id="sm-23b">
         <name>_stack</name>
         <value>0x9b0</value>
         <object_component_ref idref="oc-50"/>
      </symbol>
      <symbol id="sm-23c">
         <name>_reset_vector</name>
         <value>0xfffe</value>
         <object_component_ref idref="oc-52"/>
      </symbol>
      <symbol id="sm-251">
         <name>__TI_decompress_none</name>
         <value>0x1c82</value>
         <object_component_ref idref="oc-41"/>
      </symbol>
      <symbol id="sm-271">
         <name>__TI_decompress_rle24</name>
         <value>0x1ccc</value>
         <object_component_ref idref="oc-4b"/>
      </symbol>
      <symbol id="sm-288">
         <name>__TI_zero_init</name>
         <value>0x1c46</value>
         <object_component_ref idref="oc-46"/>
      </symbol>
      <symbol id="sm-290">
         <name>__mspabi_func_epilog_2</name>
         <value>0x1cc0</value>
         <object_component_ref idref="oc-94"/>
      </symbol>
      <symbol id="sm-291">
         <name>__mspabi_func_epilog_3</name>
         <value>0x1cbe</value>
         <object_component_ref idref="oc-94"/>
      </symbol>
      <symbol id="sm-292">
         <name>__mspabi_func_epilog_1</name>
         <value>0x1cc2</value>
         <object_component_ref idref="oc-94"/>
      </symbol>
      <symbol id="sm-293">
         <name>__mspabi_func_epilog_6</name>
         <value>0x1cb8</value>
         <object_component_ref idref="oc-94"/>
      </symbol>
      <symbol id="sm-294">
         <name>__mspabi_func_epilog_7</name>
         <value>0x1cb6</value>
         <object_component_ref idref="oc-94"/>
      </symbol>
      <symbol id="sm-295">
         <name>__mspabi_func_epilog_4</name>
         <value>0x1cbc</value>
         <object_component_ref idref="oc-94"/>
      </symbol>
      <symbol id="sm-296">
         <name>__mspabi_func_epilog_5</name>
         <value>0x1cba</value>
         <object_component_ref idref="oc-94"/>
      </symbol>
      <symbol id="sm-29f">
         <name>C$$EXIT</name>
         <value>0x1cd6</value>
         <object_component_ref idref="oc-66"/>
      </symbol>
      <symbol id="sm-2a0">
         <name>abort</name>
         <value>0x1cd6</value>
         <object_component_ref idref="oc-66"/>
      </symbol>
      <symbol id="sm-2a3">
         <name>__TI_int01</name>
         <value>0xffe2</value>
         <object_component_ref idref="oc-2e"/>
      </symbol>
      <symbol id="sm-2a6">
         <name>__TI_int02</name>
         <value>0xffe4</value>
         <object_component_ref idref="oc-2f"/>
      </symbol>
      <symbol id="sm-2a9">
         <name>__TI_int03</name>
         <value>0xffe6</value>
         <object_component_ref idref="oc-30"/>
      </symbol>
      <symbol id="sm-2ac">
         <name>__TI_int04</name>
         <value>0xffe8</value>
         <object_component_ref idref="oc-31"/>
      </symbol>
      <symbol id="sm-2af">
         <name>__TI_int05</name>
         <value>0xffea</value>
         <object_component_ref idref="oc-32"/>
      </symbol>
      <symbol id="sm-2b2">
         <name>__TI_int06</name>
         <value>0xffec</value>
         <object_component_ref idref="oc-33"/>
      </symbol>
      <symbol id="sm-2b5">
         <name>__TI_int07</name>
         <value>0xffee</value>
         <object_component_ref idref="oc-34"/>
      </symbol>
      <symbol id="sm-2b8">
         <name>__TI_int08</name>
         <value>0xfff0</value>
         <object_component_ref idref="oc-35"/>
      </symbol>
      <symbol id="sm-2bb">
         <name>__TI_int09</name>
         <value>0xfff2</value>
         <object_component_ref idref="oc-36"/>
      </symbol>
      <symbol id="sm-2be">
         <name>__TI_int10</name>
         <value>0xfff4</value>
         <object_component_ref idref="oc-37"/>
      </symbol>
      <symbol id="sm-2c1">
         <name>__TI_int11</name>
         <value>0xfff6</value>
         <object_component_ref idref="oc-38"/>
      </symbol>
      <symbol id="sm-2c4">
         <name>__TI_int12</name>
         <value>0xfff8</value>
         <object_component_ref idref="oc-39"/>
      </symbol>
      <symbol id="sm-2c7">
         <name>__TI_int13</name>
         <value>0xfffa</value>
         <object_component_ref idref="oc-3a"/>
      </symbol>
      <symbol id="sm-2ca">
         <name>__TI_int14</name>
         <value>0xfffc</value>
         <object_component_ref idref="oc-3b"/>
      </symbol>
      <symbol id="sm-2d1">
         <name>__TI_ISR_TRAP</name>
         <value>0x1cc6</value>
         <object_component_ref idref="oc-53"/>
      </symbol>
      <symbol id="sm-2d8">
         <name>__mspabi_slli</name>
         <value>0x1aca</value>
         <object_component_ref idref="oc-17f"/>
      </symbol>
      <symbol id="sm-2d9">
         <name>__mspabi_slli_9</name>
         <value>0x1ae2</value>
         <object_component_ref idref="oc-17f"/>
      </symbol>
      <symbol id="sm-2da">
         <name>__mspabi_slli_8</name>
         <value>0x1ae4</value>
         <object_component_ref idref="oc-17f"/>
      </symbol>
      <symbol id="sm-2db">
         <name>__mspabi_slli_7</name>
         <value>0x1ae6</value>
         <object_component_ref idref="oc-17f"/>
      </symbol>
      <symbol id="sm-2dc">
         <name>__mspabi_slli_6</name>
         <value>0x1ae8</value>
         <object_component_ref idref="oc-17f"/>
      </symbol>
      <symbol id="sm-2dd">
         <name>__mspabi_slli_5</name>
         <value>0x1aea</value>
         <object_component_ref idref="oc-17f"/>
      </symbol>
      <symbol id="sm-2de">
         <name>__mspabi_slli_4</name>
         <value>0x1aec</value>
         <object_component_ref idref="oc-17f"/>
      </symbol>
      <symbol id="sm-2df">
         <name>__mspabi_slli_3</name>
         <value>0x1aee</value>
         <object_component_ref idref="oc-17f"/>
      </symbol>
      <symbol id="sm-2e0">
         <name>__mspabi_slli_2</name>
         <value>0x1af0</value>
         <object_component_ref idref="oc-17f"/>
      </symbol>
      <symbol id="sm-2e1">
         <name>__mspabi_slli_1</name>
         <value>0x1af2</value>
         <object_component_ref idref="oc-17f"/>
      </symbol>
      <symbol id="sm-2e2">
         <name>__mspabi_slli_15</name>
         <value>0x1ad6</value>
         <object_component_ref idref="oc-17f"/>
      </symbol>
      <symbol id="sm-2e3">
         <name>__mspabi_slli_14</name>
         <value>0x1ad8</value>
         <object_component_ref idref="oc-17f"/>
      </symbol>
      <symbol id="sm-2e4">
         <name>__mspabi_slli_13</name>
         <value>0x1ada</value>
         <object_component_ref idref="oc-17f"/>
      </symbol>
      <symbol id="sm-2e5">
         <name>__mspabi_slli_12</name>
         <value>0x1adc</value>
         <object_component_ref idref="oc-17f"/>
      </symbol>
      <symbol id="sm-2e6">
         <name>__mspabi_slli_11</name>
         <value>0x1ade</value>
         <object_component_ref idref="oc-17f"/>
      </symbol>
      <symbol id="sm-2e7">
         <name>__mspabi_slli_10</name>
         <value>0x1ae0</value>
         <object_component_ref idref="oc-17f"/>
      </symbol>
      <symbol id="sm-2f4">
         <name>memcpy</name>
         <value>0x1c94</value>
         <object_component_ref idref="oc-6c"/>
      </symbol>
      <symbol id="sm-2fc">
         <name>_system_pre_init</name>
         <value>0x1cd2</value>
         <object_component_ref idref="oc-57"/>
      </symbol>
      <symbol id="sm-313">
         <name>_auto_init</name>
         <value>0x1694</value>
         <object_component_ref idref="oc-5c"/>
      </symbol>
      <symbol id="sm-314">
         <name>__TI_exit</name>
         <value>0x1</value>
      </symbol>
      <symbol id="sm-315">
         <name>__TI_args_main</name>
         <value>0x1</value>
      </symbol>
      <symbol id="sm-316">
         <name>__TI_INITARRAY_Base</name>
         <value>0x0</value>
      </symbol>
      <symbol id="sm-317">
         <name>__TI_INITARRAY_Limit</name>
         <value>0x0</value>
      </symbol>
   </symbol_table>
   <title>Link successful</title>
</link_info>
